ci	Set up job	﻿2026-08-08T14:13:40.5175783Z Current runner version: '2.336.0'
ci	Set up job	2026-08-08T14:13:40.5211558Z ##[group]Runner Image Provisioner
ci	Set up job	2026-08-08T14:13:40.5212924Z Hosted Compute Agent
ci	Set up job	2026-08-08T14:13:40.5213916Z Version: 20260707.563
ci	Set up job	2026-08-08T14:13:40.5215281Z Commit: 02667638d2b423fbc733a8e32a88b44996a3ba6e
ci	Set up job	2026-08-08T14:13:40.5216582Z Build Date: 2026-07-07T19:33:50Z
ci	Set up job	2026-08-08T14:13:40.5217845Z Worker ID: {a521b379-bf13-40ff-bacd-f4af05a862bd}
ci	Set up job	2026-08-08T14:13:40.5219102Z Azure Region: westus
ci	Set up job	2026-08-08T14:13:40.5220375Z ##[endgroup]
ci	Set up job	2026-08-08T14:13:40.5223053Z ##[group]Operating System
ci	Set up job	2026-08-08T14:13:40.5224170Z Ubuntu
ci	Set up job	2026-08-08T14:13:40.5225039Z 24.04.4
ci	Set up job	2026-08-08T14:13:40.5226013Z LTS
ci	Set up job	2026-08-08T14:13:40.5226847Z ##[endgroup]
ci	Set up job	2026-08-08T14:13:40.5227820Z ##[group]Runner Image
ci	Set up job	2026-08-08T14:13:40.5228967Z Image: ubuntu-24.04
ci	Set up job	2026-08-08T14:13:40.5230311Z Version: 20260720.247.2
ci	Set up job	2026-08-08T14:13:40.5232438Z Included Software: https://github.com/actions/runner-images/blob/ubuntu24/20260720.247/images/ubuntu/Ubuntu2404-Readme.md
ci	Set up job	2026-08-08T14:13:40.5235519Z Image Release: https://github.com/actions/runner-images/releases/tag/ubuntu24%2F20260720.247
ci	Set up job	2026-08-08T14:13:40.5237273Z ##[endgroup]
ci	Set up job	2026-08-08T14:13:40.5239199Z ##[group]GITHUB_TOKEN Permissions
ci	Set up job	2026-08-08T14:13:40.5242209Z Contents: read
ci	Set up job	2026-08-08T14:13:40.5243228Z Metadata: read
ci	Set up job	2026-08-08T14:13:40.5244359Z PullRequests: read
ci	Set up job	2026-08-08T14:13:40.5245295Z ##[endgroup]
ci	Set up job	2026-08-08T14:13:40.5248170Z Secret source: Actions
ci	Set up job	2026-08-08T14:13:40.5250369Z Prepare workflow directory
ci	Set up job	2026-08-08T14:13:40.5806720Z Prepare all required actions
ci	Set up job	2026-08-08T14:13:40.5880745Z Getting action download info
ci	Set up job	2026-08-08T14:13:41.0142237Z Download action repository 'actions/checkout@3d3c42e5aac5ba805825da76410c181273ba90b1' (SHA:3d3c42e5aac5ba805825da76410c181273ba90b1)
ci	Set up job	2026-08-08T14:13:41.4844085Z Download action repository 'shivammathur/setup-php@f3e473d116dcccaddc5834248c87452386958240' (SHA:f3e473d116dcccaddc5834248c87452386958240)
ci	Set up job	2026-08-08T14:13:41.7831851Z Download action repository 'actions/setup-node@820762786026740c76f36085b0efc47a31fe5020' (SHA:820762786026740c76f36085b0efc47a31fe5020)
ci	Set up job	2026-08-08T14:13:42.3889451Z Complete job name: ci
ci	Checkout code	﻿2026-08-08T14:13:42.4882357Z ##[group]Run actions/checkout@3d3c42e5aac5ba805825da76410c181273ba90b1
ci	Checkout code	2026-08-08T14:13:42.4884175Z with:
ci	Checkout code	2026-08-08T14:13:42.4885078Z   ref: 43249094f86b3d901e6d97ca52b4ea9968c4d7f4
ci	Checkout code	2026-08-08T14:13:42.4886288Z   persist-credentials: false
ci	Checkout code	2026-08-08T14:13:42.4887342Z   repository: Alfian57/satu-platform
ci	Checkout code	2026-08-08T14:13:42.4896078Z   token: ***
ci	Checkout code	2026-08-08T14:13:42.4896932Z   ssh-strict: true
ci	Checkout code	2026-08-08T14:13:42.4897785Z   ssh-user: git
ci	Checkout code	2026-08-08T14:13:42.4898629Z   clean: true
ci	Checkout code	2026-08-08T14:13:42.4899518Z   sparse-checkout-cone-mode: true
ci	Checkout code	2026-08-08T14:13:42.4900944Z   fetch-depth: 1
ci	Checkout code	2026-08-08T14:13:42.4901842Z   fetch-tags: false
ci	Checkout code	2026-08-08T14:13:42.4902743Z   show-progress: true
ci	Checkout code	2026-08-08T14:13:42.4903647Z   lfs: false
ci	Checkout code	2026-08-08T14:13:42.4904474Z   submodules: false
ci	Checkout code	2026-08-08T14:13:42.4905370Z   set-safe-directory: true
ci	Checkout code	2026-08-08T14:13:42.4906428Z   allow-unsafe-pr-checkout: false
ci	Checkout code	2026-08-08T14:13:42.4907813Z ##[endgroup]
ci	Checkout code	2026-08-08T14:13:42.7141460Z Syncing repository: Alfian57/satu-platform
ci	Checkout code	2026-08-08T14:13:42.7146241Z ##[group]Getting Git version info
ci	Checkout code	2026-08-08T14:13:42.7149744Z Working directory is '/home/runner/work/satu-platform/satu-platform'
ci	Checkout code	2026-08-08T14:13:42.7156569Z [command]/usr/bin/git version
ci	Checkout code	2026-08-08T14:13:42.7162008Z git version 2.54.0
ci	Checkout code	2026-08-08T14:13:42.7172710Z ##[endgroup]
ci	Checkout code	2026-08-08T14:13:42.7183215Z Temporarily overriding HOME='/home/runner/work/_temp/97e620c7-021a-4b0d-9542-1e1e1018a9f0' before making global git config changes
ci	Checkout code	2026-08-08T14:13:42.7189791Z Adding repository directory to the temporary git global config as a safe directory
ci	Checkout code	2026-08-08T14:13:42.7194921Z [command]/usr/bin/git config --global --add safe.directory /home/runner/work/satu-platform/satu-platform
ci	Checkout code	2026-08-08T14:13:42.7202784Z Deleting the contents of '/home/runner/work/satu-platform/satu-platform'
ci	Checkout code	2026-08-08T14:13:42.7206831Z ##[group]Determining repository object format
ci	Checkout code	2026-08-08T14:13:42.7211186Z ##[endgroup]
ci	Checkout code	2026-08-08T14:13:42.7213830Z ##[group]Initializing the repository
ci	Checkout code	2026-08-08T14:13:42.7216435Z [command]/usr/bin/git init /home/runner/work/satu-platform/satu-platform
ci	Checkout code	2026-08-08T14:13:42.7219815Z hint: Using 'master' as the name for the initial branch. This default branch name
ci	Checkout code	2026-08-08T14:13:42.7224206Z hint: will change to "main" in Git 3.0. To configure the initial branch name
ci	Checkout code	2026-08-08T14:13:42.7228132Z hint: to use in all of your new repositories, which will suppress this warning,
ci	Checkout code	2026-08-08T14:13:42.7231871Z hint: call:
ci	Checkout code	2026-08-08T14:13:42.7233804Z hint:
ci	Checkout code	2026-08-08T14:13:42.7236401Z hint: 	git config --global init.defaultBranch <name>
ci	Checkout code	2026-08-08T14:13:42.7238816Z hint:
ci	Checkout code	2026-08-08T14:13:42.7241849Z hint: Names commonly chosen instead of 'master' are 'main', 'trunk' and
ci	Checkout code	2026-08-08T14:13:42.7245540Z hint: 'development'. The just-created branch can be renamed via this command:
ci	Checkout code	2026-08-08T14:13:42.7249056Z hint:
ci	Checkout code	2026-08-08T14:13:42.7261087Z hint: 	git branch -m <name>
ci	Checkout code	2026-08-08T14:13:42.7294753Z hint:
ci	Checkout code	2026-08-08T14:13:42.7297390Z hint: Disable this message with "git config set advice.defaultBranchName false"
ci	Checkout code	2026-08-08T14:13:42.7305103Z Initialized empty Git repository in /home/runner/work/satu-platform/satu-platform/.git/
ci	Checkout code	2026-08-08T14:13:42.7311770Z [command]/usr/bin/git remote add origin https://github.com/Alfian57/satu-platform
ci	Checkout code	2026-08-08T14:13:42.7318496Z ##[endgroup]
ci	Checkout code	2026-08-08T14:13:42.7325905Z ##[group]Disabling automatic garbage collection
ci	Checkout code	2026-08-08T14:13:42.7329661Z [command]/usr/bin/git config --local gc.auto 0
ci	Checkout code	2026-08-08T14:13:42.7338274Z ##[endgroup]
ci	Checkout code	2026-08-08T14:13:42.7340990Z ##[group]Setting up auth
ci	Checkout code	2026-08-08T14:13:42.7342621Z Removing SSH command configuration
ci	Checkout code	2026-08-08T14:13:42.7345080Z [command]/usr/bin/git config --local --name-only --get-regexp core\.sshCommand
ci	Checkout code	2026-08-08T14:13:42.7352504Z [command]/usr/bin/git submodule foreach --recursive sh -c "git config --local --name-only --get-regexp 'core\.sshCommand' && git config --local --unset-all 'core.sshCommand' || :"
ci	Checkout code	2026-08-08T14:13:42.7773212Z Removing HTTP extra header
ci	Checkout code	2026-08-08T14:13:42.7776625Z [command]/usr/bin/git config --local --name-only --get-regexp http\.https\:\/\/github\.com\/\.extraheader
ci	Checkout code	2026-08-08T14:13:42.7809772Z [command]/usr/bin/git submodule foreach --recursive sh -c "git config --local --name-only --get-regexp 'http\.https\:\/\/github\.com\/\.extraheader' && git config --local --unset-all 'http.https://github.com/.extraheader' || :"
ci	Checkout code	2026-08-08T14:13:42.8063334Z Removing includeIf entries pointing to credentials config files
ci	Checkout code	2026-08-08T14:13:42.8077061Z [command]/usr/bin/git config --local --name-only --get-regexp ^includeIf\.gitdir:
ci	Checkout code	2026-08-08T14:13:42.8114817Z [command]/usr/bin/git submodule foreach --recursive git config --local --show-origin --name-only --get-regexp remote.origin.url
ci	Checkout code	2026-08-08T14:13:42.8362237Z [command]/usr/bin/git config --file /home/runner/work/_temp/git-credentials-ab284314-02b7-4584-9eff-a01e7751d80c.config http.https://github.com/.extraheader AUTHORIZATION: basic ***
ci	Checkout code	2026-08-08T14:13:42.8419487Z [command]/usr/bin/git config --local includeIf.gitdir:/home/runner/work/satu-platform/satu-platform/.git.path /home/runner/work/_temp/git-credentials-ab284314-02b7-4584-9eff-a01e7751d80c.config
ci	Checkout code	2026-08-08T14:13:42.8452839Z [command]/usr/bin/git config --local includeIf.gitdir:/home/runner/work/satu-platform/satu-platform/.git/worktrees/*.path /home/runner/work/_temp/git-credentials-ab284314-02b7-4584-9eff-a01e7751d80c.config
ci	Checkout code	2026-08-08T14:13:42.8499277Z [command]/usr/bin/git config --local includeIf.gitdir:/github/workspace/.git.path /github/runner_temp/git-credentials-ab284314-02b7-4584-9eff-a01e7751d80c.config
ci	Checkout code	2026-08-08T14:13:42.8553724Z [command]/usr/bin/git config --local includeIf.gitdir:/github/workspace/.git/worktrees/*.path /github/runner_temp/git-credentials-ab284314-02b7-4584-9eff-a01e7751d80c.config
ci	Checkout code	2026-08-08T14:13:42.8585360Z ##[endgroup]
ci	Checkout code	2026-08-08T14:13:42.8588119Z ##[group]Fetching the repository
ci	Checkout code	2026-08-08T14:13:42.8593202Z [command]/usr/bin/git -c protocol.version=2 fetch --no-tags --prune --no-recurse-submodules --depth=1 origin 43249094f86b3d901e6d97ca52b4ea9968c4d7f4
ci	Checkout code	2026-08-08T14:13:43.8372050Z From https://github.com/Alfian57/satu-platform
ci	Checkout code	2026-08-08T14:13:43.8373797Z  * branch            43249094f86b3d901e6d97ca52b4ea9968c4d7f4 -> FETCH_HEAD
ci	Checkout code	2026-08-08T14:13:43.8411356Z [command]/usr/bin/git rev-parse --verify --quiet 43249094f86b3d901e6d97ca52b4ea9968c4d7f4^{object}
ci	Checkout code	2026-08-08T14:13:43.8443500Z 43249094f86b3d901e6d97ca52b4ea9968c4d7f4
ci	Checkout code	2026-08-08T14:13:43.8447724Z ##[endgroup]
ci	Checkout code	2026-08-08T14:13:43.8448998Z ##[group]Determining the checkout info
ci	Checkout code	2026-08-08T14:13:43.8450545Z ##[endgroup]
ci	Checkout code	2026-08-08T14:13:43.8453643Z [command]/usr/bin/git sparse-checkout disable
ci	Checkout code	2026-08-08T14:13:43.8511168Z [command]/usr/bin/git config --local --unset-all extensions.worktreeConfig
ci	Checkout code	2026-08-08T14:13:43.8548303Z ##[group]Checking out the ref
ci	Checkout code	2026-08-08T14:13:43.8553068Z [command]/usr/bin/git checkout --progress --force 43249094f86b3d901e6d97ca52b4ea9968c4d7f4
ci	Checkout code	2026-08-08T14:13:43.9346700Z Note: switching to '43249094f86b3d901e6d97ca52b4ea9968c4d7f4'.
ci	Checkout code	2026-08-08T14:13:43.9360691Z 
ci	Checkout code	2026-08-08T14:13:43.9361552Z You are in 'detached HEAD' state. You can look around, make experimental
ci	Checkout code	2026-08-08T14:13:43.9363005Z changes and commit them, and you can discard any commits you make in this
ci	Checkout code	2026-08-08T14:13:43.9364730Z state without impacting any branches by switching back to a branch.
ci	Checkout code	2026-08-08T14:13:43.9365850Z 
ci	Checkout code	2026-08-08T14:13:43.9366586Z If you want to create a new branch to retain commits you create, you may
ci	Checkout code	2026-08-08T14:13:43.9367966Z do so (now or later) by using -c with the switch command. Example:
ci	Checkout code	2026-08-08T14:13:43.9368989Z 
ci	Checkout code	2026-08-08T14:13:43.9369477Z   git switch -c <new-branch-name>
ci	Checkout code	2026-08-08T14:13:43.9370517Z 
ci	Checkout code	2026-08-08T14:13:43.9370969Z Or undo this operation with:
ci	Checkout code	2026-08-08T14:13:43.9371507Z 
ci	Checkout code	2026-08-08T14:13:43.9371889Z   git switch -
ci	Checkout code	2026-08-08T14:13:43.9372323Z 
ci	Checkout code	2026-08-08T14:13:43.9373336Z Turn off this advice by setting config variable advice.detachedHead to false
ci	Checkout code	2026-08-08T14:13:43.9374296Z 
ci	Checkout code	2026-08-08T14:13:43.9374956Z HEAD is now at 4324909 Merge branch 'main' into feat/99-recruiter-organization-foundation
ci	Checkout code	2026-08-08T14:13:43.9378234Z ##[endgroup]
ci	Checkout code	2026-08-08T14:13:43.9416425Z [command]/usr/bin/git log -1 --format=%H
ci	Checkout code	2026-08-08T14:13:43.9451253Z 43249094f86b3d901e6d97ca52b4ea9968c4d7f4
ci	Checkout code	2026-08-08T14:13:43.9462677Z ##[group]Removing auth
ci	Checkout code	2026-08-08T14:13:43.9463536Z Removing SSH command configuration
ci	Checkout code	2026-08-08T14:13:43.9465340Z [command]/usr/bin/git config --local --name-only --get-regexp core\.sshCommand
ci	Checkout code	2026-08-08T14:13:43.9503871Z [command]/usr/bin/git submodule foreach --recursive sh -c "git config --local --name-only --get-regexp 'core\.sshCommand' && git config --local --unset-all 'core.sshCommand' || :"
ci	Checkout code	2026-08-08T14:13:43.9842572Z Removing HTTP extra header
ci	Checkout code	2026-08-08T14:13:43.9844345Z [command]/usr/bin/git config --local --name-only --get-regexp http\.https\:\/\/github\.com\/\.extraheader
ci	Checkout code	2026-08-08T14:13:43.9886034Z [command]/usr/bin/git submodule foreach --recursive sh -c "git config --local --name-only --get-regexp 'http\.https\:\/\/github\.com\/\.extraheader' && git config --local --unset-all 'http.https://github.com/.extraheader' || :"
ci	Checkout code	2026-08-08T14:13:44.0124362Z Removing includeIf entries pointing to credentials config files
ci	Checkout code	2026-08-08T14:13:44.0129183Z [command]/usr/bin/git config --local --name-only --get-regexp ^includeIf\.gitdir:
ci	Checkout code	2026-08-08T14:13:44.0160927Z includeif.gitdir:/home/runner/work/satu-platform/satu-platform/.git.path
ci	Checkout code	2026-08-08T14:13:44.0162781Z includeif.gitdir:/home/runner/work/satu-platform/satu-platform/.git/worktrees/*.path
ci	Checkout code	2026-08-08T14:13:44.0164662Z includeif.gitdir:/github/workspace/.git.path
ci	Checkout code	2026-08-08T14:13:44.0165965Z includeif.gitdir:/github/workspace/.git/worktrees/*.path
ci	Checkout code	2026-08-08T14:13:44.0171864Z [command]/usr/bin/git config --local --get-all includeif.gitdir:/home/runner/work/satu-platform/satu-platform/.git.path
ci	Checkout code	2026-08-08T14:13:44.0200225Z /home/runner/work/_temp/git-credentials-ab284314-02b7-4584-9eff-a01e7751d80c.config
ci	Checkout code	2026-08-08T14:13:44.0210582Z [command]/usr/bin/git config --local --unset includeif.gitdir:/home/runner/work/satu-platform/satu-platform/.git.path \/home\/runner\/work\/_temp\/git\-credentials\-ab284314\-02b7\-4584\-9eff\-a01e7751d80c\.config
ci	Checkout code	2026-08-08T14:13:44.0248472Z [command]/usr/bin/git config --local --get-all includeif.gitdir:/home/runner/work/satu-platform/satu-platform/.git/worktrees/*.path
ci	Checkout code	2026-08-08T14:13:44.0296617Z /home/runner/work/_temp/git-credentials-ab284314-02b7-4584-9eff-a01e7751d80c.config
ci	Checkout code	2026-08-08T14:13:44.0301257Z [command]/usr/bin/git config --local --unset includeif.gitdir:/home/runner/work/satu-platform/satu-platform/.git/worktrees/*.path \/home\/runner\/work\/_temp\/git\-credentials\-ab284314\-02b7\-4584\-9eff\-a01e7751d80c\.config
ci	Checkout code	2026-08-08T14:13:44.0342442Z [command]/usr/bin/git config --local --get-all includeif.gitdir:/github/workspace/.git.path
ci	Checkout code	2026-08-08T14:13:44.0375416Z /github/runner_temp/git-credentials-ab284314-02b7-4584-9eff-a01e7751d80c.config
ci	Checkout code	2026-08-08T14:13:44.0384657Z [command]/usr/bin/git config --local --unset includeif.gitdir:/github/workspace/.git.path \/github\/runner_temp\/git\-credentials\-ab284314\-02b7\-4584\-9eff\-a01e7751d80c\.config
ci	Checkout code	2026-08-08T14:13:44.0432940Z [command]/usr/bin/git config --local --get-all includeif.gitdir:/github/workspace/.git/worktrees/*.path
ci	Checkout code	2026-08-08T14:13:44.0460781Z /github/runner_temp/git-credentials-ab284314-02b7-4584-9eff-a01e7751d80c.config
ci	Checkout code	2026-08-08T14:13:44.0468809Z [command]/usr/bin/git config --local --unset includeif.gitdir:/github/workspace/.git/worktrees/*.path \/github\/runner_temp\/git\-credentials\-ab284314\-02b7\-4584\-9eff\-a01e7751d80c\.config
ci	Checkout code	2026-08-08T14:13:44.0506348Z [command]/usr/bin/git submodule foreach --recursive git config --local --show-origin --name-only --get-regexp remote.origin.url
ci	Checkout code	2026-08-08T14:13:44.0749085Z Removing credentials config '/home/runner/work/_temp/git-credentials-ab284314-02b7-4584-9eff-a01e7751d80c.config'
ci	Checkout code	2026-08-08T14:13:44.0756789Z ##[endgroup]
ci	Setup PHP	﻿2026-08-08T14:13:44.0978409Z ##[group]Run shivammathur/setup-php@f3e473d116dcccaddc5834248c87452386958240
ci	Setup PHP	2026-08-08T14:13:44.0978937Z with:
ci	Setup PHP	2026-08-08T14:13:44.0979199Z   php-version: 8.5
ci	Setup PHP	2026-08-08T14:13:44.0979468Z   tools: composer:v2
ci	Setup PHP	2026-08-08T14:13:44.0979731Z   coverage: none
ci	Setup PHP	2026-08-08T14:13:44.0980204Z   ini-file: production
ci	Setup PHP	2026-08-08T14:13:44.0982588Z   github-token: ***
ci	Setup PHP	2026-08-08T14:13:44.0982864Z ##[endgroup]
ci	Setup PHP	2026-08-08T14:13:44.1383203Z [command]/usr/bin/bash /home/runner/work/_actions/shivammathur/setup-php/f3e473d116dcccaddc5834248c87452386958240/src/scripts/run.sh
ci	Setup PHP	2026-08-08T14:13:44.1851902Z 
ci	Setup PHP	2026-08-08T14:13:44.1861072Z ^[[90;1m==> ^[[0m^[[37;1mSetup PHP^[[0m
ci	Setup PHP	2026-08-08T14:13:50.6524173Z ^[[32;1m✓ ^[[0m^[[34;1mPHP ^[[0m^[[90;1mInstalled PHP 8.5.9^[[0m
ci	Setup PHP	2026-08-08T14:13:50.6525571Z 
ci	Setup PHP	2026-08-08T14:13:50.6526308Z ^[[90;1m==> ^[[0m^[[37;1mSetup Tools^[[0m
ci	Setup PHP	2026-08-08T14:13:51.1301396Z ^[[32;1m✓ ^[[0m^[[34;1mcomposer ^[[0m^[[90;1mAdded composer 2.10.2^[[0m
ci	Setup PHP	2026-08-08T14:13:51.1311501Z 
ci	Setup PHP	2026-08-08T14:13:51.1312231Z ^[[90;1m==> ^[[0m^[[37;1mSetup Coverage^[[0m
ci	Setup PHP	2026-08-08T14:13:51.4482747Z ^[[32;1m✓ ^[[0m^[[34;1mnone ^[[0m^[[90;1mDisabled Xdebug and PCOV^[[0m
ci	Setup PHP	2026-08-08T14:13:51.4487030Z 
ci	Setup PHP	2026-08-08T14:13:51.4487797Z ^[[90;1m==> ^[[0m^[[37;1mSponsor setup-php^[[0m
ci	Setup PHP	2026-08-08T14:13:51.4491647Z ^[[32;1m✓ ^[[0m^[[34;1msetup-php ^[[0m^[[90;1mhttps://setup-php.com/sponsor^[[0m
ci	Setup Node	﻿2026-08-08T14:13:51.4726119Z ##[group]Run actions/setup-node@820762786026740c76f36085b0efc47a31fe5020
ci	Setup Node	2026-08-08T14:13:51.4726537Z with:
ci	Setup Node	2026-08-08T14:13:51.4726728Z   node-version: 22
ci	Setup Node	2026-08-08T14:13:51.4726953Z   check-latest: false
ci	Setup Node	2026-08-08T14:13:51.4729189Z   token: ***
ci	Setup Node	2026-08-08T14:13:51.4729430Z   package-manager-cache: true
ci	Setup Node	2026-08-08T14:13:51.4729681Z env:
ci	Setup Node	2026-08-08T14:13:51.4729876Z   COMPOSER_PROCESS_TIMEOUT: 0
ci	Setup Node	2026-08-08T14:13:51.4730475Z   COMPOSER_NO_INTERACTION: 1
ci	Setup Node	2026-08-08T14:13:51.4730735Z   COMPOSER_NO_AUDIT: 1
ci	Setup Node	2026-08-08T14:13:51.4730955Z ##[endgroup]
ci	Setup Node	2026-08-08T14:13:51.6085985Z Found in cache @ /opt/hostedtoolcache/node/22.23.1/x64
ci	Setup Node	2026-08-08T14:13:51.6087752Z ##[group]Environment details
ci	Setup Node	2026-08-08T14:13:52.2231086Z node: v22.23.1
ci	Setup Node	2026-08-08T14:13:52.2238583Z npm: 10.9.8
ci	Setup Node	2026-08-08T14:13:52.2239193Z yarn: 1.22.22
ci	Setup Node	2026-08-08T14:13:52.2241763Z ##[endgroup]
ci	Setup Application	﻿2026-08-08T14:13:52.2429212Z ##[group]Run composer setup
ci	Setup Application	2026-08-08T14:13:52.2429542Z ^[[36;1mcomposer setup^[[0m
ci	Setup Application	2026-08-08T14:13:52.2486028Z shell: /usr/bin/bash -e {0}
ci	Setup Application	2026-08-08T14:13:52.2486303Z env:
ci	Setup Application	2026-08-08T14:13:52.2486501Z   COMPOSER_PROCESS_TIMEOUT: 0
ci	Setup Application	2026-08-08T14:13:52.2486752Z   COMPOSER_NO_INTERACTION: 1
ci	Setup Application	2026-08-08T14:13:52.2487026Z   COMPOSER_NO_AUDIT: 1
ci	Setup Application	2026-08-08T14:13:52.2487237Z ##[endgroup]
ci	Setup Application	2026-08-08T14:13:52.5365435Z Installing dependencies from lock file (including require-dev)
ci	Setup Application	2026-08-08T14:13:52.5438217Z Verifying lock file contents can be installed on current platform.
ci	Setup Application	2026-08-08T14:13:52.8058670Z Package operations: 174 installs, 0 updates, 0 removals
ci	Setup Application	2026-08-08T14:13:52.8085913Z   - Downloading pestphp/pest-plugin (v4.0.0)
ci	Setup Application	2026-08-08T14:13:52.8104341Z   - Downloading revolt/event-loop (v1.0.9)
ci	Setup Application	2026-08-08T14:13:52.8110668Z   - Downloading symfony/polyfill-ctype (v1.37.0)
ci	Setup Application	2026-08-08T14:13:52.8130639Z   - Downloading daverandom/libdns (v2.1.0)
ci	Setup Application	2026-08-08T14:13:52.8141380Z   - Downloading amphp/serialization (v1.1.0)
ci	Setup Application	2026-08-08T14:13:52.8161205Z   - Downloading amphp/amp (v3.1.2)
ci	Setup Application	2026-08-08T14:13:52.8181282Z   - Downloading amphp/pipeline (v1.2.6)
ci	Setup Application	2026-08-08T14:13:52.8190590Z   - Downloading amphp/sync (v2.3.0)
ci	Setup Application	2026-08-08T14:13:52.8201999Z   - Downloading amphp/parser (v1.1.1)
ci	Setup Application	2026-08-08T14:13:52.8220496Z   - Downloading amphp/byte-stream (v2.1.2)
ci	Setup Application	2026-08-08T14:13:52.8240398Z   - Downloading amphp/process (v2.1.0)
ci	Setup Application	2026-08-08T14:13:52.8260864Z   - Downloading amphp/cache (v2.0.1)
ci	Setup Application	2026-08-08T14:13:52.8278293Z   - Downloading amphp/dns (v2.4.0)
ci	Setup Application	2026-08-08T14:13:52.8293807Z   - Downloading psr/http-message (2.0)
ci	Setup Application	2026-08-08T14:13:52.8313109Z   - Downloading league/uri-interfaces (7.8.1)
ci	Setup Application	2026-08-08T14:13:52.8320665Z   - Downloading psr/http-factory (1.1.0)
ci	Setup Application	2026-08-08T14:13:52.8341194Z   - Downloading league/uri (7.8.1)
ci	Setup Application	2026-08-08T14:13:52.8360761Z   - Downloading league/uri-components (7.8.1)
ci	Setup Application	2026-08-08T14:13:52.8379430Z   - Downloading kelunik/certificate (v1.1.3)
ci	Setup Application	2026-08-08T14:13:52.8396300Z   - Downloading amphp/socket (v2.4.0)
ci	Setup Application	2026-08-08T14:13:52.8411320Z   - Downloading amphp/hpack (v3.2.2)
ci	Setup Application	2026-08-08T14:13:52.8429322Z   - Downloading amphp/http (v2.1.2)
ci	Setup Application	2026-08-08T14:13:52.8435236Z   - Downloading amphp/http-client (v5.3.6)
ci	Setup Application	2026-08-08T14:13:52.8462554Z   - Downloading amphp/websocket (v2.0.4)
ci	Setup Application	2026-08-08T14:13:52.8471265Z   - Downloading symfony/process (v8.1.0)
ci	Setup Application	2026-08-08T14:13:52.8491361Z   - Downloading symfony/polyfill-mbstring (v1.38.2)
ci	Setup Application	2026-08-08T14:13:52.8492199Z   - Downloading symfony/polyfill-intl-normalizer (v1.38.0)
ci	Setup Application	2026-08-08T14:13:52.8493028Z   - Downloading symfony/polyfill-intl-grapheme (v1.38.1)
ci	Setup Application	2026-08-08T14:13:52.8493772Z   - Downloading symfony/string (v8.1.0)
ci	Setup Application	2026-08-08T14:13:52.8494581Z   - Downloading symfony/deprecation-contracts (v3.7.1)
ci	Setup Application	2026-08-08T14:13:52.8500896Z   - Downloading psr/container (2.0.2)
ci	Setup Application	2026-08-08T14:13:52.8501823Z   - Downloading symfony/service-contracts (v3.7.1)
ci	Setup Application	2026-08-08T14:13:52.8502806Z   - Downloading symfony/polyfill-php85 (v1.38.1)
ci	Setup Application	2026-08-08T14:13:52.8503703Z   - Downloading symfony/console (v8.1.1)
ci	Setup Application	2026-08-08T14:13:52.8504608Z   - Downloading sebastian/environment (8.1.2)
ci	Setup Application	2026-08-08T14:13:52.8505526Z   - Downloading staabm/side-effects-detector (1.0.5)
ci	Setup Application	2026-08-08T14:13:52.8506436Z   - Downloading sebastian/version (6.0.0)
ci	Setup Application	2026-08-08T14:13:52.8507266Z   - Downloading sebastian/type (6.0.4)
ci	Setup Application	2026-08-08T14:13:52.8508166Z   - Downloading sebastian/recursion-context (7.0.1)
ci	Setup Application	2026-08-08T14:13:52.8509097Z   - Downloading sebastian/object-reflector (5.0.0)
ci	Setup Application	2026-08-08T14:13:52.8510274Z   - Downloading sebastian/object-enumerator (7.0.0)
ci	Setup Application	2026-08-08T14:13:52.8511193Z   - Downloading sebastian/global-state (8.0.3)
ci	Setup Application	2026-08-08T14:13:52.8512069Z   - Downloading sebastian/exporter (7.0.3)
ci	Setup Application	2026-08-08T14:13:52.8512891Z   - Downloading sebastian/diff (7.0.0)
ci	Setup Application	2026-08-08T14:13:52.8514037Z   - Downloading sebastian/comparator (7.1.8)
ci	Setup Application	2026-08-08T14:13:52.8514896Z   - Downloading sebastian/cli-parser (4.2.1)
ci	Setup Application	2026-08-08T14:13:52.8515746Z   - Downloading phpunit/php-timer (8.0.0)
ci	Setup Application	2026-08-08T14:13:52.8516940Z   - Downloading phpunit/php-text-template (5.0.0)
ci	Setup Application	2026-08-08T14:13:52.8517868Z   - Downloading phpunit/php-invoker (6.0.0)
ci	Setup Application	2026-08-08T14:13:52.8518776Z   - Downloading phpunit/php-file-iterator (6.0.1)
ci	Setup Application	2026-08-08T14:13:52.8519680Z   - Downloading theseer/tokenizer (2.0.1)
ci	Setup Application	2026-08-08T14:13:52.8520955Z   - Downloading nikic/php-parser (v5.8.0)
ci	Setup Application	2026-08-08T14:13:52.8521814Z   - Downloading sebastian/lines-of-code (4.0.1)
ci	Setup Application	2026-08-08T14:13:52.8522729Z   - Downloading sebastian/complexity (5.0.0)
ci	Setup Application	2026-08-08T14:13:52.8523670Z   - Downloading phpunit/php-code-coverage (12.5.7)
ci	Setup Application	2026-08-08T14:13:52.8524298Z   - Downloading phar-io/version (3.2.1)
ci	Setup Application	2026-08-08T14:13:52.8524847Z   - Downloading phar-io/manifest (2.0.4)
ci	Setup Application	2026-08-08T14:13:52.8525383Z   - Downloading myclabs/deep-copy (1.13.4)
ci	Setup Application	2026-08-08T14:13:52.8525938Z   - Downloading phpunit/phpunit (12.5.30)
ci	Setup Application	2026-08-08T14:13:52.8526550Z   - Downloading jean85/pretty-package-versions (2.1.1)
ci	Setup Application	2026-08-08T14:13:52.8527174Z   - Downloading fidry/cpu-core-counter (1.3.0)
ci	Setup Application	2026-08-08T14:13:52.8527750Z   - Downloading brianium/paratest (v7.20.0)
ci	Setup Application	2026-08-08T14:13:52.8528269Z   - Downloading psr/log (3.0.2)
ci	Setup Application	2026-08-08T14:13:52.8528747Z   - Downloading composer/pcre (3.4.0)
ci	Setup Application	2026-08-08T14:13:52.8529352Z   - Downloading composer/xdebug-handler (3.0.5)
ci	Setup Application	2026-08-08T14:13:52.8530183Z   - Downloading dasprid/enum (1.0.7)
ci	Setup Application	2026-08-08T14:13:52.8530804Z   - Downloading doctrine/inflector (2.1.0)
ci	Setup Application	2026-08-08T14:13:52.8531415Z   - Downloading doctrine/lexer (3.0.1)
ci	Setup Application	2026-08-08T14:13:52.8532081Z   - Downloading dragonmantank/cron-expression (v3.6.0)
ci	Setup Application	2026-08-08T14:13:52.8533789Z   - Downloading fakerphp/faker (v1.24.1)
ci	Setup Application	2026-08-08T14:13:52.8535082Z   - Downloading symfony/http-foundation (v8.1.1)
ci	Setup Application	2026-08-08T14:13:52.8535788Z   - Downloading fruitcake/php-cors (v1.4.0)
ci	Setup Application	2026-08-08T14:13:52.8537060Z   - Downloading guzzlehttp/promises (2.5.1)
ci	Setup Application	2026-08-08T14:13:52.8537796Z   - Downloading symfony/polyfill-php80 (v1.37.0)
ci	Setup Application	2026-08-08T14:13:52.8538497Z   - Downloading ralouphie/getallheaders (3.0.3)
ci	Setup Application	2026-08-08T14:13:52.8539149Z   - Downloading guzzlehttp/psr7 (2.13.0)
ci	Setup Application	2026-08-08T14:13:52.8539803Z   - Downloading guzzlehttp/uri-template (v1.0.10)
ci	Setup Application	2026-08-08T14:13:52.8541388Z   - Downloading voku/portable-ascii (2.1.1)
ci	Setup Application	2026-08-08T14:13:52.8542056Z   - Downloading phpoption/phpoption (1.9.5)
ci	Setup Application	2026-08-08T14:13:52.8542758Z   - Downloading graham-campbell/result-type (v1.1.4)
ci	Setup Application	2026-08-08T14:13:52.8543419Z   - Downloading vlucas/phpdotenv (v5.6.4)
ci	Setup Application	2026-08-08T14:13:52.8544026Z   - Downloading symfony/css-selector (v8.1.0)
ci	Setup Application	2026-08-08T14:13:52.8544709Z   - Downloading tijsverkoyen/css-to-inline-styles (v2.4.0)
ci	Setup Application	2026-08-08T14:13:52.8545372Z   - Downloading symfony/var-dumper (v8.1.1)
ci	Setup Application	2026-08-08T14:13:52.8545970Z   - Downloading symfony/polyfill-uuid (v1.37.0)
ci	Setup Application	2026-08-08T14:13:52.8546555Z   - Downloading symfony/uid (v8.1.0)
ci	Setup Application	2026-08-08T14:13:52.8547086Z   - Downloading symfony/routing (v8.1.0)
ci	Setup Application	2026-08-08T14:13:52.8547648Z   - Downloading symfony/polyfill-php86 (v1.38.0)
ci	Setup Application	2026-08-08T14:13:52.8548226Z   - Downloading symfony/polyfill-php84 (v1.38.1)
ci	Setup Application	2026-08-08T14:13:52.8554671Z   - Downloading symfony/polyfill-intl-idn (v1.38.1)
ci	Setup Application	2026-08-08T14:13:52.8555430Z   - Downloading symfony/mime (v8.1.0)
ci	Setup Application	2026-08-08T14:13:52.8556045Z   - Downloading psr/event-dispatcher (1.0.0)
ci	Setup Application	2026-08-08T14:13:52.8556755Z   - Downloading symfony/event-dispatcher-contracts (v3.7.1)
ci	Setup Application	2026-08-08T14:13:52.8557475Z   - Downloading symfony/event-dispatcher (v8.1.1)
ci	Setup Application	2026-08-08T14:13:52.8559459Z   - Downloading egulias/email-validator (4.0.4)
ci	Setup Application	2026-08-08T14:13:52.8560471Z   - Downloading symfony/mailer (v8.1.1)
ci	Setup Application	2026-08-08T14:13:52.8561100Z   - Downloading symfony/error-handler (v8.1.0)
ci	Setup Application	2026-08-08T14:13:52.8561538Z   - Downloading symfony/http-kernel (v8.1.1)
ci	Setup Application	2026-08-08T14:13:52.8561881Z   - Downloading symfony/finder (v8.1.1)
ci	Setup Application	2026-08-08T14:13:52.8562610Z   - Downloading ramsey/collection (2.1.1)
ci	Setup Application	2026-08-08T14:13:52.8562936Z   - Downloading brick/math (0.18.0)
ci	Setup Application	2026-08-08T14:13:52.8563289Z   - Downloading ramsey/uuid (4.9.3)
ci	Setup Application	2026-08-08T14:13:52.8563693Z   - Downloading psr/simple-cache (3.0.0)
ci	Setup Application	2026-08-08T14:13:52.8564225Z   - Downloading nunomaduro/termwind (v2.4.0)
ci	Setup Application	2026-08-08T14:13:52.8564597Z   - Downloading symfony/translation-contracts (v3.7.1)
ci	Setup Application	2026-08-08T14:13:52.8564954Z   - Downloading symfony/translation (v8.1.1)
ci	Setup Application	2026-08-08T14:13:52.8565259Z   - Downloading psr/clock (1.0.0)
ci	Setup Application	2026-08-08T14:13:52.8565546Z   - Downloading symfony/clock (v8.1.0)
ci	Setup Application	2026-08-08T14:13:52.8565893Z   - Downloading carbonphp/carbon-doctrine-types (3.2.0)
ci	Setup Application	2026-08-08T14:13:52.8566244Z   - Downloading nesbot/carbon (3.13.1)
ci	Setup Application	2026-08-08T14:13:52.8566548Z   - Downloading monolog/monolog (3.10.0)
ci	Setup Application	2026-08-08T14:13:52.8566883Z   - Downloading league/mime-type-detection (1.17.0)
ci	Setup Application	2026-08-08T14:13:52.8567274Z   - Downloading league/flysystem-local (3.31.0)
ci	Setup Application	2026-08-08T14:13:52.8567612Z   - Downloading league/flysystem (3.35.2)
ci	Setup Application	2026-08-08T14:13:52.8567914Z   - Downloading nette/utils (v4.1.5)
ci	Setup Application	2026-08-08T14:13:52.8568208Z   - Downloading nette/schema (v1.3.5)
ci	Setup Application	2026-08-08T14:13:52.8568543Z   - Downloading dflydev/dot-access-data (v3.0.3)
ci	Setup Application	2026-08-08T14:13:52.8568881Z   - Downloading league/config (v1.2.0)
ci	Setup Application	2026-08-08T14:13:52.8569186Z   - Downloading league/commonmark (2.8.3)
ci	Setup Application	2026-08-08T14:13:52.8569534Z   - Downloading laravel/serializable-closure (v2.0.15)
ci	Setup Application	2026-08-08T14:13:52.8571936Z   - Downloading laravel/prompts (v0.3.21)
ci	Setup Application	2026-08-08T14:13:52.8572618Z   - Downloading psr/http-client (1.0.3)
ci	Setup Application	2026-08-08T14:13:52.8573214Z   - Downloading guzzlehttp/guzzle (7.15.1)
ci	Setup Application	2026-08-08T14:13:52.8573815Z   - Downloading laravel/framework (v13.21.1)
ci	Setup Application	2026-08-08T14:13:52.8574461Z   - Downloading inertiajs/inertia-laravel (v3.1.1)
ci	Setup Application	2026-08-08T14:13:52.8575098Z   - Downloading phpstan/phpstan (2.2.5)
ci	Setup Application	2026-08-08T14:13:52.8575679Z   - Downloading iamcal/sql-parser (v0.7)
ci	Setup Application	2026-08-08T14:13:52.8576310Z   - Downloading larastan/larastan (v3.10.0)
ci	Setup Application	2026-08-08T14:13:52.8576891Z   - Downloading symfony/yaml (v8.1.1)
ci	Setup Application	2026-08-08T14:13:52.8577444Z   - Downloading laravel/roster (v0.5.1)
ci	Setup Application	2026-08-08T14:13:52.8578022Z   - Downloading laravel/mcp (v0.9.1)
ci	Setup Application	2026-08-08T14:13:52.8578618Z   - Downloading laravel/boost (v2.4.13)
ci	Setup Application	2026-08-08T14:13:52.8579176Z   - Downloading laravel/chisel (v0.1.1)
ci	Setup Application	2026-08-08T14:13:52.8579857Z   - Downloading paragonie/constant_time_encoding (v3.1.3)
ci	Setup Application	2026-08-08T14:13:52.8582069Z   - Downloading pragmarx/google2fa (v9.0.0)
ci	Setup Application	2026-08-08T14:13:52.8582817Z   - Downloading spomky-labs/pki-framework (1.5.0)
ci	Setup Application	2026-08-08T14:13:52.8583501Z   - Downloading web-auth/cose-lib (4.6.0)
ci	Setup Application	2026-08-08T14:13:52.8584541Z   - Downloading symfony/serializer (v8.1.1)
ci	Setup Application	2026-08-08T14:13:52.8585098Z   - Downloading symfony/type-info (v8.1.0)
ci	Setup Application	2026-08-08T14:13:52.8585706Z   - Downloading symfony/property-info (v8.1.0)
ci	Setup Application	2026-08-08T14:13:52.8586403Z   - Downloading symfony/property-access (v8.1.0)
ci	Setup Application	2026-08-08T14:13:52.8587614Z   - Downloading spomky-labs/cbor-php (3.3.0)
ci	Setup Application	2026-08-08T14:13:52.8588244Z   - Downloading webmozart/assert (2.4.1)
ci	Setup Application	2026-08-08T14:13:52.8589451Z   - Downloading phpstan/phpdoc-parser (2.3.3)
ci	Setup Application	2026-08-08T14:13:52.8590524Z   - Downloading phpdocumentor/reflection-common (2.2.0)
ci	Setup Application	2026-08-08T14:13:52.8591238Z   - Downloading doctrine/deprecations (1.1.6)
ci	Setup Application	2026-08-08T14:13:52.8591882Z   - Downloading phpdocumentor/type-resolver (2.0.0)
ci	Setup Application	2026-08-08T14:13:52.8592578Z   - Downloading phpdocumentor/reflection-docblock (6.0.3)
ci	Setup Application	2026-08-08T14:13:52.8593260Z   - Downloading web-auth/webauthn-lib (5.3.5)
ci	Setup Application	2026-08-08T14:13:52.8593643Z   - Downloading laravel/passkeys (v0.2.1)
ci	Setup Application	2026-08-08T14:13:52.8593977Z   - Downloading bacon/bacon-qr-code (v3.1.1)
ci	Setup Application	2026-08-08T14:13:52.8594298Z   - Downloading laravel/fortify (v1.37.3)
ci	Setup Application	2026-08-08T14:13:52.8594623Z   - Downloading laravel/pail (v1.2.7)
ci	Setup Application	2026-08-08T14:13:52.8594969Z   - Downloading laravel/agent-detector (v2.0.2)
ci	Setup Application	2026-08-08T14:13:52.8595316Z   - Downloading laravel/pao (v1.1.2)
ci	Setup Application	2026-08-08T14:13:52.8595826Z   - Downloading laravel/pennant (v1.24.0)
ci	Setup Application	2026-08-08T14:13:52.8596135Z   - Downloading laravel/pint (v1.29.3)
ci	Setup Application	2026-08-08T14:13:52.8596432Z   - Downloading laravel/sail (v1.64.0)
ci	Setup Application	2026-08-08T14:13:52.8596720Z   - Downloading psy/psysh (v0.12.24)
ci	Setup Application	2026-08-08T14:13:52.8597124Z   - Downloading laravel/tinker (v3.0.2)
ci	Setup Application	2026-08-08T14:13:52.8597429Z   - Downloading laravel/wayfinder (v0.1.20)
ci	Setup Application	2026-08-08T14:13:52.8597771Z   - Downloading hamcrest/hamcrest-php (v2.1.1)
ci	Setup Application	2026-08-08T14:13:52.8598096Z   - Downloading mockery/mockery (1.6.12)
ci	Setup Application	2026-08-08T14:13:52.8598392Z   - Downloading filp/whoops (2.18.4)
ci	Setup Application	2026-08-08T14:13:52.8598697Z   - Downloading nunomaduro/collision (v8.9.5)
ci	Setup Application	2026-08-08T14:13:52.8599081Z   - Downloading ta-tikoma/phpunit-architecture-test (0.8.7)
ci	Setup Application	2026-08-08T14:13:52.8599479Z   - Downloading pestphp/pest-plugin-arch (v4.0.2)
ci	Setup Application	2026-08-08T14:13:52.8599867Z   - Downloading pestphp/pest-plugin-profanity (v4.2.1)
ci	Setup Application	2026-08-08T14:13:52.8600952Z   - Downloading pestphp/pest-plugin-mutate (v4.0.1)
ci	Setup Application	2026-08-08T14:13:52.8601427Z   - Downloading pestphp/pest (v4.7.5)
ci	Setup Application	2026-08-08T14:13:52.8601777Z   - Downloading amphp/websocket-client (v2.0.2)
ci	Setup Application	2026-08-08T14:13:52.8602133Z   - Downloading amphp/http-server (v3.4.6)
ci	Setup Application	2026-08-08T14:13:52.8602506Z   - Downloading pestphp/pest-plugin-browser (v4.3.1)
ci	Setup Application	2026-08-08T14:13:52.8602886Z   - Downloading pestphp/pest-plugin-laravel (v4.1.0)
ci	Setup Application	2026-08-08T14:13:59.0241864Z   - Installing pestphp/pest-plugin (v4.0.0): Extracting archive
ci	Setup Application	2026-08-08T14:13:59.0458767Z   - Installing revolt/event-loop (v1.0.9): Extracting archive
ci	Setup Application	2026-08-08T14:13:59.0464623Z   - Installing symfony/polyfill-ctype (v1.37.0): Extracting archive
ci	Setup Application	2026-08-08T14:13:59.0483090Z   - Installing daverandom/libdns (v2.1.0): Extracting archive
ci	Setup Application	2026-08-08T14:13:59.0501437Z   - Installing amphp/serialization (v1.1.0): Extracting archive
ci	Setup Application	2026-08-08T14:13:59.0530775Z   - Installing amphp/amp (v3.1.2): Extracting archive
ci	Setup Application	2026-08-08T14:13:59.0576171Z   - Installing amphp/pipeline (v1.2.6): Extracting archive
ci	Setup Application	2026-08-08T14:13:59.0601313Z   - Installing amphp/sync (v2.3.0): Extracting archive
ci	Setup Application	2026-08-08T14:13:59.0637887Z   - Installing amphp/parser (v1.1.1): Extracting archive
ci	Setup Application	2026-08-08T14:13:59.0670817Z   - Installing amphp/byte-stream (v2.1.2): Extracting archive
ci	Setup Application	2026-08-08T14:13:59.0700960Z   - Installing amphp/process (v2.1.0): Extracting archive
ci	Setup Application	2026-08-08T14:13:59.0712852Z   - Installing amphp/cache (v2.0.1): Extracting archive
ci	Setup Application	2026-08-08T14:13:59.0731375Z   - Installing amphp/dns (v2.4.0): Extracting archive
ci	Setup Application	2026-08-08T14:13:59.0740766Z   - Installing psr/http-message (2.0): Extracting archive
ci	Setup Application	2026-08-08T14:13:59.0747708Z   - Installing league/uri-interfaces (7.8.1): Extracting archive
ci	Setup Application	2026-08-08T14:13:59.0748861Z   - Installing psr/http-factory (1.1.0): Extracting archive
ci	Setup Application	2026-08-08T14:13:59.0749840Z   - Installing league/uri (7.8.1): Extracting archive
ci	Setup Application	2026-08-08T14:13:59.0751215Z   - Installing league/uri-components (7.8.1): Extracting archive
ci	Setup Application	2026-08-08T14:13:59.0772269Z   - Installing kelunik/certificate (v1.1.3): Extracting archive
ci	Setup Application	2026-08-08T14:13:59.0775113Z   - Installing amphp/socket (v2.4.0): Extracting archive
ci	Setup Application	2026-08-08T14:13:59.0777787Z   - Installing amphp/hpack (v3.2.2): Extracting archive
ci	Setup Application	2026-08-08T14:13:59.0780791Z   - Installing amphp/http (v2.1.2): Extracting archive
ci	Setup Application	2026-08-08T14:13:59.0783505Z   - Installing amphp/http-client (v5.3.6): Extracting archive
ci	Setup Application	2026-08-08T14:13:59.0786060Z   - Installing amphp/websocket (v2.0.4): Extracting archive
ci	Setup Application	2026-08-08T14:13:59.0788707Z   - Installing symfony/process (v8.1.0): Extracting archive
ci	Setup Application	2026-08-08T14:13:59.0802190Z   - Installing symfony/polyfill-mbstring (v1.38.2): Extracting archive
ci	Setup Application	2026-08-08T14:13:59.0816596Z   - Installing symfony/polyfill-intl-normalizer (v1.38.0): Extracting archive
ci	Setup Application	2026-08-08T14:13:59.0817219Z   - Installing symfony/polyfill-intl-grapheme (v1.38.1): Extracting archive
ci	Setup Application	2026-08-08T14:13:59.0817735Z   - Installing symfony/string (v8.1.0): Extracting archive
ci	Setup Application	2026-08-08T14:13:59.0818540Z   - Installing symfony/deprecation-contracts (v3.7.1): Extracting archive
ci	Setup Application	2026-08-08T14:13:59.0920997Z   - Installing psr/container (2.0.2): Extracting archive
ci	Setup Application	2026-08-08T14:13:59.0922124Z   - Installing symfony/service-contracts (v3.7.1): Extracting archive
ci	Setup Application	2026-08-08T14:13:59.0923577Z   - Installing symfony/polyfill-php85 (v1.38.1): Extracting archive
ci	Setup Application	2026-08-08T14:13:59.0924729Z   - Installing symfony/console (v8.1.1): Extracting archive
ci	Setup Application	2026-08-08T14:13:59.0941246Z   - Installing sebastian/environment (8.1.2): Extracting archive
ci	Setup Application	2026-08-08T14:13:59.0942197Z   - Installing staabm/side-effects-detector (1.0.5): Extracting archive
ci	Setup Application	2026-08-08T14:13:59.0943118Z   - Installing sebastian/version (6.0.0): Extracting archive
ci	Setup Application	2026-08-08T14:13:59.0943947Z   - Installing sebastian/type (6.0.4): Extracting archive
ci	Setup Application	2026-08-08T14:13:59.0949436Z   - Installing sebastian/recursion-context (7.0.1): Extracting archive
ci	Setup Application	2026-08-08T14:13:59.0950955Z   - Installing sebastian/object-reflector (5.0.0): Extracting archive
ci	Setup Application	2026-08-08T14:13:59.0952237Z   - Installing sebastian/object-enumerator (7.0.0): Extracting archive
ci	Setup Application	2026-08-08T14:13:59.0953466Z   - Installing sebastian/global-state (8.0.3): Extracting archive
ci	Setup Application	2026-08-08T14:13:59.0961307Z   - Installing sebastian/exporter (7.0.3): Extracting archive
ci	Setup Application	2026-08-08T14:13:59.0962361Z   - Installing sebastian/diff (7.0.0): Extracting archive
ci	Setup Application	2026-08-08T14:13:59.0963465Z   - Installing sebastian/comparator (7.1.8): Extracting archive
ci	Setup Application	2026-08-08T14:13:59.0964613Z   - Installing sebastian/cli-parser (4.2.1): Extracting archive
ci	Setup Application	2026-08-08T14:13:59.0965770Z   - Installing phpunit/php-timer (8.0.0): Extracting archive
ci	Setup Application	2026-08-08T14:13:59.0966902Z   - Installing phpunit/php-text-template (5.0.0): Extracting archive
ci	Setup Application	2026-08-08T14:13:59.0968070Z   - Installing phpunit/php-invoker (6.0.0): Extracting archive
ci	Setup Application	2026-08-08T14:13:59.0969194Z   - Installing phpunit/php-file-iterator (6.0.1): Extracting archive
ci	Setup Application	2026-08-08T14:13:59.0970628Z   - Installing theseer/tokenizer (2.0.1): Extracting archive
ci	Setup Application	2026-08-08T14:13:59.0971815Z   - Installing nikic/php-parser (v5.8.0): Extracting archive
ci	Setup Application	2026-08-08T14:13:59.0972924Z   - Installing sebastian/lines-of-code (4.0.1): Extracting archive
ci	Setup Application	2026-08-08T14:13:59.0974102Z   - Installing sebastian/complexity (5.0.0): Extracting archive
ci	Setup Application	2026-08-08T14:13:59.0976311Z   - Installing phpunit/php-code-coverage (12.5.7): Extracting archive
ci	Setup Application	2026-08-08T14:13:59.0979303Z   - Installing phar-io/version (3.2.1): Extracting archive
ci	Setup Application	2026-08-08T14:13:59.0982504Z   - Installing phar-io/manifest (2.0.4): Extracting archive
ci	Setup Application	2026-08-08T14:13:59.0985558Z   - Installing myclabs/deep-copy (1.13.4): Extracting archive
ci	Setup Application	2026-08-08T14:13:59.0988643Z   - Installing phpunit/phpunit (12.5.30): Extracting archive
ci	Setup Application	2026-08-08T14:13:59.0992043Z   - Installing jean85/pretty-package-versions (2.1.1): Extracting archive
ci	Setup Application	2026-08-08T14:13:59.0995105Z   - Installing fidry/cpu-core-counter (1.3.0): Extracting archive
ci	Setup Application	2026-08-08T14:13:59.0998148Z   - Installing brianium/paratest (v7.20.0): Extracting archive
ci	Setup Application	2026-08-08T14:13:59.1001464Z   - Installing psr/log (3.0.2): Extracting archive
ci	Setup Application	2026-08-08T14:13:59.1004808Z   - Installing composer/pcre (3.4.0): Extracting archive
ci	Setup Application	2026-08-08T14:13:59.1007936Z   - Installing composer/xdebug-handler (3.0.5): Extracting archive
ci	Setup Application	2026-08-08T14:13:59.1010980Z   - Installing dasprid/enum (1.0.7): Extracting archive
ci	Setup Application	2026-08-08T14:13:59.1014165Z   - Installing doctrine/inflector (2.1.0): Extracting archive
ci	Setup Application	2026-08-08T14:13:59.1017295Z   - Installing doctrine/lexer (3.0.1): Extracting archive
ci	Setup Application	2026-08-08T14:13:59.1020855Z   - Installing dragonmantank/cron-expression (v3.6.0): Extracting archive
ci	Setup Application	2026-08-08T14:13:59.1023966Z   - Installing fakerphp/faker (v1.24.1): Extracting archive
ci	Setup Application	2026-08-08T14:13:59.1031444Z   - Installing symfony/http-foundation (v8.1.1): Extracting archive
ci	Setup Application	2026-08-08T14:13:59.1033144Z   - Installing fruitcake/php-cors (v1.4.0): Extracting archive
ci	Setup Application	2026-08-08T14:13:59.1034767Z   - Installing guzzlehttp/promises (2.5.1): Extracting archive
ci	Setup Application	2026-08-08T14:13:59.1035959Z   - Installing symfony/polyfill-php80 (v1.37.0): Extracting archive
ci	Setup Application	2026-08-08T14:13:59.1037816Z   - Installing ralouphie/getallheaders (3.0.3): Extracting archive
ci	Setup Application	2026-08-08T14:13:59.1040405Z   - Installing guzzlehttp/psr7 (2.13.0): Extracting archive
ci	Setup Application	2026-08-08T14:13:59.1043155Z   - Installing guzzlehttp/uri-template (v1.0.10): Extracting archive
ci	Setup Application	2026-08-08T14:13:59.1045778Z   - Installing voku/portable-ascii (2.1.1): Extracting archive
ci	Setup Application	2026-08-08T14:13:59.1048440Z   - Installing phpoption/phpoption (1.9.5): Extracting archive
ci	Setup Application	2026-08-08T14:13:59.1051562Z   - Installing graham-campbell/result-type (v1.1.4): Extracting archive
ci	Setup Application	2026-08-08T14:13:59.1054192Z   - Installing vlucas/phpdotenv (v5.6.4): Extracting archive
ci	Setup Application	2026-08-08T14:13:59.1056856Z   - Installing symfony/css-selector (v8.1.0): Extracting archive
ci	Setup Application	2026-08-08T14:13:59.1059681Z   - Installing tijsverkoyen/css-to-inline-styles (v2.4.0): Extracting archive
ci	Setup Application	2026-08-08T14:13:59.1062505Z   - Installing symfony/var-dumper (v8.1.1): Extracting archive
ci	Setup Application	2026-08-08T14:13:59.1065303Z   - Installing symfony/polyfill-uuid (v1.37.0): Extracting archive
ci	Setup Application	2026-08-08T14:13:59.1067798Z   - Installing symfony/uid (v8.1.0): Extracting archive
ci	Setup Application	2026-08-08T14:13:59.1070809Z   - Installing symfony/routing (v8.1.0): Extracting archive
ci	Setup Application	2026-08-08T14:13:59.1073535Z   - Installing symfony/polyfill-php86 (v1.38.0): Extracting archive
ci	Setup Application	2026-08-08T14:13:59.1076210Z   - Installing symfony/polyfill-php84 (v1.38.1): Extracting archive
ci	Setup Application	2026-08-08T14:13:59.1078887Z   - Installing symfony/polyfill-intl-idn (v1.38.1): Extracting archive
ci	Setup Application	2026-08-08T14:13:59.1081810Z   - Installing symfony/mime (v8.1.0): Extracting archive
ci	Setup Application	2026-08-08T14:13:59.1084719Z   - Installing psr/event-dispatcher (1.0.0): Extracting archive
ci	Setup Application	2026-08-08T14:13:59.1087437Z   - Installing symfony/event-dispatcher-contracts (v3.7.1): Extracting archive
ci	Setup Application	2026-08-08T14:13:59.1090254Z   - Installing symfony/event-dispatcher (v8.1.1): Extracting archive
ci	Setup Application	2026-08-08T14:13:59.1092966Z   - Installing egulias/email-validator (4.0.4): Extracting archive
ci	Setup Application	2026-08-08T14:13:59.1095553Z   - Installing symfony/mailer (v8.1.1): Extracting archive
ci	Setup Application	2026-08-08T14:13:59.1098237Z   - Installing symfony/error-handler (v8.1.0): Extracting archive
ci	Setup Application	2026-08-08T14:13:59.1101032Z   - Installing symfony/http-kernel (v8.1.1): Extracting archive
ci	Setup Application	2026-08-08T14:13:59.1103723Z   - Installing symfony/finder (v8.1.1): Extracting archive
ci	Setup Application	2026-08-08T14:13:59.1106346Z   - Installing ramsey/collection (2.1.1): Extracting archive
ci	Setup Application	2026-08-08T14:13:59.1108999Z   - Installing brick/math (0.18.0): Extracting archive
ci	Setup Application	2026-08-08T14:13:59.1112062Z   - Installing ramsey/uuid (4.9.3): Extracting archive
ci	Setup Application	2026-08-08T14:13:59.1114711Z   - Installing psr/simple-cache (3.0.0): Extracting archive
ci	Setup Application	2026-08-08T14:13:59.1117326Z   - Installing nunomaduro/termwind (v2.4.0): Extracting archive
ci	Setup Application	2026-08-08T14:13:59.1120339Z   - Installing symfony/translation-contracts (v3.7.1): Extracting archive
ci	Setup Application	2026-08-08T14:13:59.1122832Z   - Installing symfony/translation (v8.1.1): Extracting archive
ci	Setup Application	2026-08-08T14:13:59.1125362Z   - Installing psr/clock (1.0.0): Extracting archive
ci	Setup Application	2026-08-08T14:13:59.1127942Z   - Installing symfony/clock (v8.1.0): Extracting archive
ci	Setup Application	2026-08-08T14:13:59.1130928Z   - Installing carbonphp/carbon-doctrine-types (3.2.0): Extracting archive
ci	Setup Application	2026-08-08T14:13:59.1133426Z   - Installing nesbot/carbon (3.13.1): Extracting archive
ci	Setup Application	2026-08-08T14:13:59.1136180Z   - Installing monolog/monolog (3.10.0): Extracting archive
ci	Setup Application	2026-08-08T14:13:59.1139007Z   - Installing league/mime-type-detection (1.17.0): Extracting archive
ci	Setup Application	2026-08-08T14:13:59.1141852Z   - Installing league/flysystem-local (3.31.0): Extracting archive
ci	Setup Application	2026-08-08T14:13:59.1144459Z   - Installing league/flysystem (3.35.2): Extracting archive
ci	Setup Application	2026-08-08T14:13:59.1146986Z   - Installing nette/utils (v4.1.5): Extracting archive
ci	Setup Application	2026-08-08T14:13:59.1149698Z   - Installing nette/schema (v1.3.5): Extracting archive
ci	Setup Application	2026-08-08T14:13:59.1152696Z   - Installing dflydev/dot-access-data (v3.0.3): Extracting archive
ci	Setup Application	2026-08-08T14:13:59.1155311Z   - Installing league/config (v1.2.0): Extracting archive
ci	Setup Application	2026-08-08T14:13:59.1157903Z   - Installing league/commonmark (2.8.3): Extracting archive
ci	Setup Application	2026-08-08T14:13:59.1160933Z   - Installing laravel/serializable-closure (v2.0.15): Extracting archive
ci	Setup Application	2026-08-08T14:13:59.1163615Z   - Installing laravel/prompts (v0.3.21): Extracting archive
ci	Setup Application	2026-08-08T14:13:59.1166148Z   - Installing psr/http-client (1.0.3): Extracting archive
ci	Setup Application	2026-08-08T14:13:59.1168820Z   - Installing guzzlehttp/guzzle (7.15.1): Extracting archive
ci	Setup Application	2026-08-08T14:13:59.1171718Z   - Installing laravel/framework (v13.21.1): Extracting archive
ci	Setup Application	2026-08-08T14:13:59.1174393Z   - Installing inertiajs/inertia-laravel (v3.1.1): Extracting archive
ci	Setup Application	2026-08-08T14:13:59.1176985Z   - Installing phpstan/phpstan (2.2.5): Extracting archive
ci	Setup Application	2026-08-08T14:13:59.1179634Z   - Installing iamcal/sql-parser (v0.7): Extracting archive
ci	Setup Application	2026-08-08T14:13:59.1182589Z   - Installing larastan/larastan (v3.10.0): Extracting archive
ci	Setup Application	2026-08-08T14:13:59.1185188Z   - Installing symfony/yaml (v8.1.1): Extracting archive
ci	Setup Application	2026-08-08T14:13:59.1187897Z   - Installing laravel/roster (v0.5.1): Extracting archive
ci	Setup Application	2026-08-08T14:13:59.1190739Z   - Installing laravel/mcp (v0.9.1): Extracting archive
ci	Setup Application	2026-08-08T14:13:59.1193340Z   - Installing laravel/boost (v2.4.13): Extracting archive
ci	Setup Application	2026-08-08T14:13:59.1195922Z   - Installing laravel/chisel (v0.1.1): Extracting archive
ci	Setup Application	2026-08-08T14:13:59.1198628Z   - Installing paragonie/constant_time_encoding (v3.1.3): Extracting archive
ci	Setup Application	2026-08-08T14:13:59.1201484Z   - Installing pragmarx/google2fa (v9.0.0): Extracting archive
ci	Setup Application	2026-08-08T14:13:59.1204271Z   - Installing spomky-labs/pki-framework (1.5.0): Extracting archive
ci	Setup Application	2026-08-08T14:13:59.1206839Z   - Installing web-auth/cose-lib (4.6.0): Extracting archive
ci	Setup Application	2026-08-08T14:13:59.1209493Z   - Installing symfony/serializer (v8.1.1): Extracting archive
ci	Setup Application	2026-08-08T14:13:59.1212354Z   - Installing symfony/type-info (v8.1.0): Extracting archive
ci	Setup Application	2026-08-08T14:13:59.1214984Z   - Installing symfony/property-info (v8.1.0): Extracting archive
ci	Setup Application	2026-08-08T14:13:59.1217629Z   - Installing symfony/property-access (v8.1.0): Extracting archive
ci	Setup Application	2026-08-08T14:13:59.1220456Z   - Installing spomky-labs/cbor-php (3.3.0): Extracting archive
ci	Setup Application	2026-08-08T14:13:59.1223036Z   - Installing webmozart/assert (2.4.1): Extracting archive
ci	Setup Application	2026-08-08T14:13:59.1225640Z   - Installing phpstan/phpdoc-parser (2.3.3): Extracting archive
ci	Setup Application	2026-08-08T14:13:59.1228312Z   - Installing phpdocumentor/reflection-common (2.2.0): Extracting archive
ci	Setup Application	2026-08-08T14:13:59.1231076Z   - Installing doctrine/deprecations (1.1.6): Extracting archive
ci	Setup Application	2026-08-08T14:13:59.1233837Z   - Installing phpdocumentor/type-resolver (2.0.0): Extracting archive
ci	Setup Application	2026-08-08T14:13:59.1236416Z   - Installing phpdocumentor/reflection-docblock (6.0.3): Extracting archive
ci	Setup Application	2026-08-08T14:13:59.1238898Z   - Installing web-auth/webauthn-lib (5.3.5): Extracting archive
ci	Setup Application	2026-08-08T14:13:59.1241846Z   - Installing laravel/passkeys (v0.2.1): Extracting archive
ci	Setup Application	2026-08-08T14:13:59.1244510Z   - Installing bacon/bacon-qr-code (v3.1.1): Extracting archive
ci	Setup Application	2026-08-08T14:13:59.1247134Z   - Installing laravel/fortify (v1.37.3): Extracting archive
ci	Setup Application	2026-08-08T14:13:59.1249671Z   - Installing laravel/pail (v1.2.7): Extracting archive
ci	Setup Application	2026-08-08T14:13:59.1254002Z   - Installing laravel/agent-detector (v2.0.2): Extracting archive
ci	Setup Application	2026-08-08T14:13:59.1256542Z   - Installing laravel/pao (v1.1.2): Extracting archive
ci	Setup Application	2026-08-08T14:13:59.1259289Z   - Installing laravel/pennant (v1.24.0): Extracting archive
ci	Setup Application	2026-08-08T14:13:59.1262234Z   - Installing laravel/pint (v1.29.3): Extracting archive
ci	Setup Application	2026-08-08T14:13:59.1264806Z   - Installing laravel/sail (v1.64.0): Extracting archive
ci	Setup Application	2026-08-08T14:13:59.1267349Z   - Installing psy/psysh (v0.12.24): Extracting archive
ci	Setup Application	2026-08-08T14:13:59.1269882Z   - Installing laravel/tinker (v3.0.2): Extracting archive
ci	Setup Application	2026-08-08T14:13:59.1272831Z   - Installing laravel/wayfinder (v0.1.20): Extracting archive
ci	Setup Application	2026-08-08T14:13:59.1275426Z   - Installing hamcrest/hamcrest-php (v2.1.1): Extracting archive
ci	Setup Application	2026-08-08T14:13:59.1277899Z   - Installing mockery/mockery (1.6.12): Extracting archive
ci	Setup Application	2026-08-08T14:13:59.1280771Z   - Installing filp/whoops (2.18.4): Extracting archive
ci	Setup Application	2026-08-08T14:13:59.1283472Z   - Installing nunomaduro/collision (v8.9.5): Extracting archive
ci	Setup Application	2026-08-08T14:13:59.1287357Z   - Installing ta-tikoma/phpunit-architecture-test (0.8.7): Extracting archive
ci	Setup Application	2026-08-08T14:13:59.1289297Z   - Installing pestphp/pest-plugin-arch (v4.0.2): Extracting archive
ci	Setup Application	2026-08-08T14:13:59.1291907Z   - Installing pestphp/pest-plugin-profanity (v4.2.1): Extracting archive
ci	Setup Application	2026-08-08T14:13:59.1294420Z   - Installing pestphp/pest-plugin-mutate (v4.0.1): Extracting archive
ci	Setup Application	2026-08-08T14:13:59.1296912Z   - Installing pestphp/pest (v4.7.5): Extracting archive
ci	Setup Application	2026-08-08T14:13:59.1299523Z   - Installing amphp/websocket-client (v2.0.2): Extracting archive
ci	Setup Application	2026-08-08T14:13:59.1302322Z   - Installing amphp/http-server (v3.4.6): Extracting archive
ci	Setup Application	2026-08-08T14:13:59.1304979Z   - Installing pestphp/pest-plugin-browser (v4.3.1): Extracting archive
ci	Setup Application	2026-08-08T14:13:59.1307651Z   - Installing pestphp/pest-plugin-laravel (v4.1.0): Extracting archive
ci	Setup Application	2026-08-08T14:14:01.3651528Z Generating optimized autoload files
ci	Setup Application	2026-08-08T14:14:02.8021177Z > Illuminate\Foundation\ComposerScripts::postAutoloadDump
ci	Setup Application	2026-08-08T14:14:02.8248345Z > @php artisan package:discover --ansi
ci	Setup Application	2026-08-08T14:14:02.9995172Z 
ci	Setup Application	2026-08-08T14:14:02.9996628Z   ^[[37;44m INFO ^[[39;49m Discovering packages.  
ci	Setup Application	2026-08-08T14:14:02.9997326Z 
ci	Setup Application	2026-08-08T14:14:03.0035990Z   inertiajs/inertia-laravel ^[[90m.^[[39m^[[90m.^[[39m^[[90m.^[[39m^[[90m.^[[39m^[[90m.^[[39m^[[90m.^[[39m^[[90m.^[[39m^[[90m.^[[39m^[[90m.^[[39m^[[90m.^[[39m^[[90m.^[[39m^[[90m.^[[39m^[[90m.^[[39m^[[90m.^[[39m^[[90m.^[[39m^[[90m.^[[39m^[[90m.^[[39m^[[90m.^[[39m^[[90m.^[[39m^[[90m.^[[39m^[[90m.^[[39m^[[90m.^[[39m^[[90m.^[[39m^[[90m.^[[39m^[[90m.^[[39m^[[90m.^[[39m^[[90m.^[[39m^[[90m.^[[39m^[[90m.^[[39m^[[90m.^[[39m^[[90m.^[[39m^[[90m.^[[39m^[[90m.^[[39m^[[90m.^[[39m^[[90m.^[[39m^[[90m.^[[39m^[[90m.^[[39m^[[90m.^[[39m^[[90m.^[[39m^[[90m.^[[39m^[[90m.^[[39m^[[90m.^[[39m^[[90m.^[[39m^[[90m.^[[39m^[[90m.^[[39m ^[[32;1mDONE^[[39;22m
ci	Setup Application	2026-08-08T14:14:03.0044169Z   laravel/boost ^[[90m.^[[39m^[[90m.^[[39m^[[90m.^[[39m^[[90m.^[[39m^[[90m.^[[39m^[[90m.^[[39m^[[90m.^[[39m^[[90m.^[[39m^[[90m.^[[39m^[[90m.^[[39m^[[90m.^[[39m^[[90m.^[[39m^[[90m.^[[39m^[[90m.^[[39m^[[90m.^[[39m^[[90m.^[[39m^[[90m.^[[39m^[[90m.^[[39m^[[90m.^[[39m^[[90m.^[[39m^[[90m.^[[39m^[[90m.^[[39m^[[90m.^[[39m^[[90m.^[[39m^[[90m.^[[39m^[[90m.^[[39m^[[90m.^[[39m^[[90m.^[[39m^[[90m.^[[39m^[[90m.^[[39m^[[90m.^[[39m^[[90m.^[[39m^[[90m.^[[39m^[[90m.^[[39m^[[90m.^[[39m^[[90m.^[[39m^[[90m.^[[39m^[[90m.^[[39m^[[90m.^[[39m^[[90m.^[[39m^[[90m.^[[39m^[[90m.^[[39m^[[90m.^[[39m^[[90m.^[[39m^[[90m.^[[39m^[[90m.^[[39m^[[90m.^[[39m^[[90m.^[[39m^[[90m.^[[39m^[[90m.^[[39m^[[90m.^[[39m^[[90m.^[[39m^[[90m.^[[39m^[[90m.^[[39m^[[90m.^[[39m^[[90m.^[[39m^[[90m.^[[39m ^[[32;1mDONE^[[39;22m
ci	Setup Application	2026-08-08T14:14:03.0053613Z   laravel/fortify ^[[90m.^[[39m^[[90m.^[[39m^[[90m.^[[39m^[[90m.^[[39m^[[90m.^[[39m^[[90m.^[[39m^[[90m.^[[39m^[[90m.^[[39m^[[90m.^[[39m^[[90m.^[[39m^[[90m.^[[39m^[[90m.^[[39m^[[90m.^[[39m^[[90m.^[[39m^[[90m.^[[39m^[[90m.^[[39m^[[90m.^[[39m^[[90m.^[[39m^[[90m.^[[39m^[[90m.^[[39m^[[90m.^[[39m^[[90m.^[[39m^[[90m.^[[39m^[[90m.^[[39m^[[90m.^[[39m^[[90m.^[[39m^[[90m.^[[39m^[[90m.^[[39m^[[90m.^[[39m^[[90m.^[[39m^[[90m.^[[39m^[[90m.^[[39m^[[90m.^[[39m^[[90m.^[[39m^[[90m.^[[39m^[[90m.^[[39m^[[90m.^[[39m^[[90m.^[[39m^[[90m.^[[39m^[[90m.^[[39m^[[90m.^[[39m^[[90m.^[[39m^[[90m.^[[39m^[[90m.^[[39m^[[90m.^[[39m^[[90m.^[[39m^[[90m.^[[39m^[[90m.^[[39m^[[90m.^[[39m^[[90m.^[[39m^[[90m.^[[39m^[[90m.^[[39m^[[90m.^[[39m^[[90m.^[[39m^[[90m.^[[39m ^[[32;1mDONE^[[39;22m
ci	Setup Application	2026-08-08T14:14:03.0061925Z   laravel/mcp ^[[90m.^[[39m^[[90m.^[[39m^[[90m.^[[39m^[[90m.^[[39m^[[90m.^[[39m^[[90m.^[[39m^[[90m.^[[39m^[[90m.^[[39m^[[90m.^[[39m^[[90m.^[[39m^[[90m.^[[39m^[[90m.^[[39m^[[90m.^[[39m^[[90m.^[[39m^[[90m.^[[39m^[[90m.^[[39m^[[90m.^[[39m^[[90m.^[[39m^[[90m.^[[39m^[[90m.^[[39m^[[90m.^[[39m^[[90m.^[[39m^[[90m.^[[39m^[[90m.^[[39m^[[90m.^[[39m^[[90m.^[[39m^[[90m.^[[39m^[[90m.^[[39m^[[90m.^[[39m^[[90m.^[[39m^[[90m.^[[39m^[[90m.^[[39m^[[90m.^[[39m^[[90m.^[[39m^[[90m.^[[39m^[[90m.^[[39m^[[90m.^[[39m^[[90m.^[[39m^[[90m.^[[39m^[[90m.^[[39m^[[90m.^[[39m^[[90m.^[[39m^[[90m.^[[39m^[[90m.^[[39m^[[90m.^[[39m^[[90m.^[[39m^[[90m.^[[39m^[[90m.^[[39m^[[90m.^[[39m^[[90m.^[[39m^[[90m.^[[39m^[[90m.^[[39m^[[90m.^[[39m^[[90m.^[[39m^[[90m.^[[39m^[[90m.^[[39m^[[90m.^[[39m^[[90m.^[[39m^[[90m.^[[39m ^[[32;1mDONE^[[39;22m
ci	Setup Application	2026-08-08T14:14:03.0070812Z   laravel/pail ^[[90m.^[[39m^[[90m.^[[39m^[[90m.^[[39m^[[90m.^[[39m^[[90m.^[[39m^[[90m.^[[39m^[[90m.^[[39m^[[90m.^[[39m^[[90m.^[[39m^[[90m.^[[39m^[[90m.^[[39m^[[90m.^[[39m^[[90m.^[[39m^[[90m.^[[39m^[[90m.^[[39m^[[90m.^[[39m^[[90m.^[[39m^[[90m.^[[39m^[[90m.^[[39m^[[90m.^[[39m^[[90m.^[[39m^[[90m.^[[39m^[[90m.^[[39m^[[90m.^[[39m^[[90m.^[[39m^[[90m.^[[39m^[[90m.^[[39m^[[90m.^[[39m^[[90m.^[[39m^[[90m.^[[39m^[[90m.^[[39m^[[90m.^[[39m^[[90m.^[[39m^[[90m.^[[39m^[[90m.^[[39m^[[90m.^[[39m^[[90m.^[[39m^[[90m.^[[39m^[[90m.^[[39m^[[90m.^[[39m^[[90m.^[[39m^[[90m.^[[39m^[[90m.^[[39m^[[90m.^[[39m^[[90m.^[[39m^[[90m.^[[39m^[[90m.^[[39m^[[90m.^[[39m^[[90m.^[[39m^[[90m.^[[39m^[[90m.^[[39m^[[90m.^[[39m^[[90m.^[[39m^[[90m.^[[39m^[[90m.^[[39m^[[90m.^[[39m^[[90m.^[[39m^[[90m.^[[39m ^[[32;1mDONE^[[39;22m
ci	Setup Application	2026-08-08T14:14:03.0079214Z   laravel/pao ^[[90m.^[[39m^[[90m.^[[39m^[[90m.^[[39m^[[90m.^[[39m^[[90m.^[[39m^[[90m.^[[39m^[[90m.^[[39m^[[90m.^[[39m^[[90m.^[[39m^[[90m.^[[39m^[[90m.^[[39m^[[90m.^[[39m^[[90m.^[[39m^[[90m.^[[39m^[[90m.^[[39m^[[90m.^[[39m^[[90m.^[[39m^[[90m.^[[39m^[[90m.^[[39m^[[90m.^[[39m^[[90m.^[[39m^[[90m.^[[39m^[[90m.^[[39m^[[90m.^[[39m^[[90m.^[[39m^[[90m.^[[39m^[[90m.^[[39m^[[90m.^[[39m^[[90m.^[[39m^[[90m.^[[39m^[[90m.^[[39m^[[90m.^[[39m^[[90m.^[[39m^[[90m.^[[39m^[[90m.^[[39m^[[90m.^[[39m^[[90m.^[[39m^[[90m.^[[39m^[[90m.^[[39m^[[90m.^[[39m^[[90m.^[[39m^[[90m.^[[39m^[[90m.^[[39m^[[90m.^[[39m^[[90m.^[[39m^[[90m.^[[39m^[[90m.^[[39m^[[90m.^[[39m^[[90m.^[[39m^[[90m.^[[39m^[[90m.^[[39m^[[90m.^[[39m^[[90m.^[[39m^[[90m.^[[39m^[[90m.^[[39m^[[90m.^[[39m^[[90m.^[[39m^[[90m.^[[39m^[[90m.^[[39m ^[[32;1mDONE^[[39;22m
ci	Setup Application	2026-08-08T14:14:03.0087127Z   laravel/passkeys ^[[90m.^[[39m^[[90m.^[[39m^[[90m.^[[39m^[[90m.^[[39m^[[90m.^[[39m^[[90m.^[[39m^[[90m.^[[39m^[[90m.^[[39m^[[90m.^[[39m^[[90m.^[[39m^[[90m.^[[39m^[[90m.^[[39m^[[90m.^[[39m^[[90m.^[[39m^[[90m.^[[39m^[[90m.^[[39m^[[90m.^[[39m^[[90m.^[[39m^[[90m.^[[39m^[[90m.^[[39m^[[90m.^[[39m^[[90m.^[[39m^[[90m.^[[39m^[[90m.^[[39m^[[90m.^[[39m^[[90m.^[[39m^[[90m.^[[39m^[[90m.^[[39m^[[90m.^[[39m^[[90m.^[[39m^[[90m.^[[39m^[[90m.^[[39m^[[90m.^[[39m^[[90m.^[[39m^[[90m.^[[39m^[[90m.^[[39m^[[90m.^[[39m^[[90m.^[[39m^[[90m.^[[39m^[[90m.^[[39m^[[90m.^[[39m^[[90m.^[[39m^[[90m.^[[39m^[[90m.^[[39m^[[90m.^[[39m^[[90m.^[[39m^[[90m.^[[39m^[[90m.^[[39m^[[90m.^[[39m^[[90m.^[[39m^[[90m.^[[39m^[[90m.^[[39m^[[90m.^[[39m^[[90m.^[[39m ^[[32;1mDONE^[[39;22m
ci	Setup Application	2026-08-08T14:14:03.0094744Z   laravel/pennant ^[[90m.^[[39m^[[90m.^[[39m^[[90m.^[[39m^[[90m.^[[39m^[[90m.^[[39m^[[90m.^[[39m^[[90m.^[[39m^[[90m.^[[39m^[[90m.^[[39m^[[90m.^[[39m^[[90m.^[[39m^[[90m.^[[39m^[[90m.^[[39m^[[90m.^[[39m^[[90m.^[[39m^[[90m.^[[39m^[[90m.^[[39m^[[90m.^[[39m^[[90m.^[[39m^[[90m.^[[39m^[[90m.^[[39m^[[90m.^[[39m^[[90m.^[[39m^[[90m.^[[39m^[[90m.^[[39m^[[90m.^[[39m^[[90m.^[[39m^[[90m.^[[39m^[[90m.^[[39m^[[90m.^[[39m^[[90m.^[[39m^[[90m.^[[39m^[[90m.^[[39m^[[90m.^[[39m^[[90m.^[[39m^[[90m.^[[39m^[[90m.^[[39m^[[90m.^[[39m^[[90m.^[[39m^[[90m.^[[39m^[[90m.^[[39m^[[90m.^[[39m^[[90m.^[[39m^[[90m.^[[39m^[[90m.^[[39m^[[90m.^[[39m^[[90m.^[[39m^[[90m.^[[39m^[[90m.^[[39m^[[90m.^[[39m^[[90m.^[[39m^[[90m.^[[39m^[[90m.^[[39m^[[90m.^[[39m^[[90m.^[[39m ^[[32;1mDONE^[[39;22m
ci	Setup Application	2026-08-08T14:14:03.0102431Z   laravel/roster ^[[90m.^[[39m^[[90m.^[[39m^[[90m.^[[39m^[[90m.^[[39m^[[90m.^[[39m^[[90m.^[[39m^[[90m.^[[39m^[[90m.^[[39m^[[90m.^[[39m^[[90m.^[[39m^[[90m.^[[39m^[[90m.^[[39m^[[90m.^[[39m^[[90m.^[[39m^[[90m.^[[39m^[[90m.^[[39m^[[90m.^[[39m^[[90m.^[[39m^[[90m.^[[39m^[[90m.^[[39m^[[90m.^[[39m^[[90m.^[[39m^[[90m.^[[39m^[[90m.^[[39m^[[90m.^[[39m^[[90m.^[[39m^[[90m.^[[39m^[[90m.^[[39m^[[90m.^[[39m^[[90m.^[[39m^[[90m.^[[39m^[[90m.^[[39m^[[90m.^[[39m^[[90m.^[[39m^[[90m.^[[39m^[[90m.^[[39m^[[90m.^[[39m^[[90m.^[[39m^[[90m.^[[39m^[[90m.^[[39m^[[90m.^[[39m^[[90m.^[[39m^[[90m.^[[39m^[[90m.^[[39m^[[90m.^[[39m^[[90m.^[[39m^[[90m.^[[39m^[[90m.^[[39m^[[90m.^[[39m^[[90m.^[[39m^[[90m.^[[39m^[[90m.^[[39m^[[90m.^[[39m^[[90m.^[[39m^[[90m.^[[39m^[[90m.^[[39m ^[[32;1mDONE^[[39;22m
ci	Setup Application	2026-08-08T14:14:03.0111075Z   laravel/sail ^[[90m.^[[39m^[[90m.^[[39m^[[90m.^[[39m^[[90m.^[[39m^[[90m.^[[39m^[[90m.^[[39m^[[90m.^[[39m^[[90m.^[[39m^[[90m.^[[39m^[[90m.^[[39m^[[90m.^[[39m^[[90m.^[[39m^[[90m.^[[39m^[[90m.^[[39m^[[90m.^[[39m^[[90m.^[[39m^[[90m.^[[39m^[[90m.^[[39m^[[90m.^[[39m^[[90m.^[[39m^[[90m.^[[39m^[[90m.^[[39m^[[90m.^[[39m^[[90m.^[[39m^[[90m.^[[39m^[[90m.^[[39m^[[90m.^[[39m^[[90m.^[[39m^[[90m.^[[39m^[[90m.^[[39m^[[90m.^[[39m^[[90m.^[[39m^[[90m.^[[39m^[[90m.^[[39m^[[90m.^[[39m^[[90m.^[[39m^[[90m.^[[39m^[[90m.^[[39m^[[90m.^[[39m^[[90m.^[[39m^[[90m.^[[39m^[[90m.^[[39m^[[90m.^[[39m^[[90m.^[[39m^[[90m.^[[39m^[[90m.^[[39m^[[90m.^[[39m^[[90m.^[[39m^[[90m.^[[39m^[[90m.^[[39m^[[90m.^[[39m^[[90m.^[[39m^[[90m.^[[39m^[[90m.^[[39m^[[90m.^[[39m^[[90m.^[[39m^[[90m.^[[39m^[[90m.^[[39m ^[[32;1mDONE^[[39;22m
ci	Setup Application	2026-08-08T14:14:03.0118955Z   laravel/tinker ^[[90m.^[[39m^[[90m.^[[39m^[[90m.^[[39m^[[90m.^[[39m^[[90m.^[[39m^[[90m.^[[39m^[[90m.^[[39m^[[90m.^[[39m^[[90m.^[[39m^[[90m.^[[39m^[[90m.^[[39m^[[90m.^[[39m^[[90m.^[[39m^[[90m.^[[39m^[[90m.^[[39m^[[90m.^[[39m^[[90m.^[[39m^[[90m.^[[39m^[[90m.^[[39m^[[90m.^[[39m^[[90m.^[[39m^[[90m.^[[39m^[[90m.^[[39m^[[90m.^[[39m^[[90m.^[[39m^[[90m.^[[39m^[[90m.^[[39m^[[90m.^[[39m^[[90m.^[[39m^[[90m.^[[39m^[[90m.^[[39m^[[90m.^[[39m^[[90m.^[[39m^[[90m.^[[39m^[[90m.^[[39m^[[90m.^[[39m^[[90m.^[[39m^[[90m.^[[39m^[[90m.^[[39m^[[90m.^[[39m^[[90m.^[[39m^[[90m.^[[39m^[[90m.^[[39m^[[90m.^[[39m^[[90m.^[[39m^[[90m.^[[39m^[[90m.^[[39m^[[90m.^[[39m^[[90m.^[[39m^[[90m.^[[39m^[[90m.^[[39m^[[90m.^[[39m^[[90m.^[[39m^[[90m.^[[39m^[[90m.^[[39m^[[90m.^[[39m ^[[32;1mDONE^[[39;22m
ci	Setup Application	2026-08-08T14:14:03.0128248Z   laravel/wayfinder ^[[90m.^[[39m^[[90m.^[[39m^[[90m.^[[39m^[[90m.^[[39m^[[90m.^[[39m^[[90m.^[[39m^[[90m.^[[39m^[[90m.^[[39m^[[90m.^[[39m^[[90m.^[[39m^[[90m.^[[39m^[[90m.^[[39m^[[90m.^[[39m^[[90m.^[[39m^[[90m.^[[39m^[[90m.^[[39m^[[90m.^[[39m^[[90m.^[[39m^[[90m.^[[39m^[[90m.^[[39m^[[90m.^[[39m^[[90m.^[[39m^[[90m.^[[39m^[[90m.^[[39m^[[90m.^[[39m^[[90m.^[[39m^[[90m.^[[39m^[[90m.^[[39m^[[90m.^[[39m^[[90m.^[[39m^[[90m.^[[39m^[[90m.^[[39m^[[90m.^[[39m^[[90m.^[[39m^[[90m.^[[39m^[[90m.^[[39m^[[90m.^[[39m^[[90m.^[[39m^[[90m.^[[39m^[[90m.^[[39m^[[90m.^[[39m^[[90m.^[[39m^[[90m.^[[39m^[[90m.^[[39m^[[90m.^[[39m^[[90m.^[[39m^[[90m.^[[39m^[[90m.^[[39m^[[90m.^[[39m^[[90m.^[[39m^[[90m.^[[39m^[[90m.^[[39m^[[90m.^[[39m ^[[32;1mDONE^[[39;22m
ci	Setup Application	2026-08-08T14:14:03.0136707Z   nesbot/carbon ^[[90m.^[[39m^[[90m.^[[39m^[[90m.^[[39m^[[90m.^[[39m^[[90m.^[[39m^[[90m.^[[39m^[[90m.^[[39m^[[90m.^[[39m^[[90m.^[[39m^[[90m.^[[39m^[[90m.^[[39m^[[90m.^[[39m^[[90m.^[[39m^[[90m.^[[39m^[[90m.^[[39m^[[90m.^[[39m^[[90m.^[[39m^[[90m.^[[39m^[[90m.^[[39m^[[90m.^[[39m^[[90m.^[[39m^[[90m.^[[39m^[[90m.^[[39m^[[90m.^[[39m^[[90m.^[[39m^[[90m.^[[39m^[[90m.^[[39m^[[90m.^[[39m^[[90m.^[[39m^[[90m.^[[39m^[[90m.^[[39m^[[90m.^[[39m^[[90m.^[[39m^[[90m.^[[39m^[[90m.^[[39m^[[90m.^[[39m^[[90m.^[[39m^[[90m.^[[39m^[[90m.^[[39m^[[90m.^[[39m^[[90m.^[[39m^[[90m.^[[39m^[[90m.^[[39m^[[90m.^[[39m^[[90m.^[[39m^[[90m.^[[39m^[[90m.^[[39m^[[90m.^[[39m^[[90m.^[[39m^[[90m.^[[39m^[[90m.^[[39m^[[90m.^[[39m^[[90m.^[[39m^[[90m.^[[39m^[[90m.^[[39m^[[90m.^[[39m^[[90m.^[[39m ^[[32;1mDONE^[[39;22m
ci	Setup Application	2026-08-08T14:14:03.0144197Z   nunomaduro/collision ^[[90m.^[[39m^[[90m.^[[39m^[[90m.^[[39m^[[90m.^[[39m^[[90m.^[[39m^[[90m.^[[39m^[[90m.^[[39m^[[90m.^[[39m^[[90m.^[[39m^[[90m.^[[39m^[[90m.^[[39m^[[90m.^[[39m^[[90m.^[[39m^[[90m.^[[39m^[[90m.^[[39m^[[90m.^[[39m^[[90m.^[[39m^[[90m.^[[39m^[[90m.^[[39m^[[90m.^[[39m^[[90m.^[[39m^[[90m.^[[39m^[[90m.^[[39m^[[90m.^[[39m^[[90m.^[[39m^[[90m.^[[39m^[[90m.^[[39m^[[90m.^[[39m^[[90m.^[[39m^[[90m.^[[39m^[[90m.^[[39m^[[90m.^[[39m^[[90m.^[[39m^[[90m.^[[39m^[[90m.^[[39m^[[90m.^[[39m^[[90m.^[[39m^[[90m.^[[39m^[[90m.^[[39m^[[90m.^[[39m^[[90m.^[[39m^[[90m.^[[39m^[[90m.^[[39m^[[90m.^[[39m^[[90m.^[[39m^[[90m.^[[39m^[[90m.^[[39m^[[90m.^[[39m^[[90m.^[[39m^[[90m.^[[39m ^[[32;1mDONE^[[39;22m
ci	Setup Application	2026-08-08T14:14:03.0151441Z   nunomaduro/termwind ^[[90m.^[[39m^[[90m.^[[39m^[[90m.^[[39m^[[90m.^[[39m^[[90m.^[[39m^[[90m.^[[39m^[[90m.^[[39m^[[90m.^[[39m^[[90m.^[[39m^[[90m.^[[39m^[[90m.^[[39m^[[90m.^[[39m^[[90m.^[[39m^[[90m.^[[39m^[[90m.^[[39m^[[90m.^[[39m^[[90m.^[[39m^[[90m.^[[39m^[[90m.^[[39m^[[90m.^[[39m^[[90m.^[[39m^[[90m.^[[39m^[[90m.^[[39m^[[90m.^[[39m^[[90m.^[[39m^[[90m.^[[39m^[[90m.^[[39m^[[90m.^[[39m^[[90m.^[[39m^[[90m.^[[39m^[[90m.^[[39m^[[90m.^[[39m^[[90m.^[[39m^[[90m.^[[39m^[[90m.^[[39m^[[90m.^[[39m^[[90m.^[[39m^[[90m.^[[39m^[[90m.^[[39m^[[90m.^[[39m^[[90m.^[[39m^[[90m.^[[39m^[[90m.^[[39m^[[90m.^[[39m^[[90m.^[[39m^[[90m.^[[39m^[[90m.^[[39m^[[90m.^[[39m^[[90m.^[[39m^[[90m.^[[39m^[[90m.^[[39m ^[[32;1mDONE^[[39;22m
ci	Setup Application	2026-08-08T14:14:03.0158024Z   pestphp/pest-plugin-laravel ^[[90m.^[[39m^[[90m.^[[39m^[[90m.^[[39m^[[90m.^[[39m^[[90m.^[[39m^[[90m.^[[39m^[[90m.^[[39m^[[90m.^[[39m^[[90m.^[[39m^[[90m.^[[39m^[[90m.^[[39m^[[90m.^[[39m^[[90m.^[[39m^[[90m.^[[39m^[[90m.^[[39m^[[90m.^[[39m^[[90m.^[[39m^[[90m.^[[39m^[[90m.^[[39m^[[90m.^[[39m^[[90m.^[[39m^[[90m.^[[39m^[[90m.^[[39m^[[90m.^[[39m^[[90m.^[[39m^[[90m.^[[39m^[[90m.^[[39m^[[90m.^[[39m^[[90m.^[[39m^[[90m.^[[39m^[[90m.^[[39m^[[90m.^[[39m^[[90m.^[[39m^[[90m.^[[39m^[[90m.^[[39m^[[90m.^[[39m^[[90m.^[[39m^[[90m.^[[39m^[[90m.^[[39m^[[90m.^[[39m^[[90m.^[[39m^[[90m.^[[39m^[[90m.^[[39m ^[[32;1mDONE^[[39;22m
ci	Setup Application	2026-08-08T14:14:03.0160539Z 
ci	Setup Application	2026-08-08T14:14:03.0271655Z 116 packages you are using are looking for funding.
ci	Setup Application	2026-08-08T14:14:03.0272800Z Use the `composer fund` command to find out more!
ci	Setup Application	2026-08-08T14:14:03.2877540Z 
ci	Setup Application	2026-08-08T14:14:03.2878826Z    INFO  Application key set successfully.  
ci	Setup Application	2026-08-08T14:14:03.2879562Z 
ci	Setup Application	2026-08-08T14:14:03.4741010Z 
ci	Setup Application	2026-08-08T14:14:03.4742405Z    INFO  Preparing database.  
ci	Setup Application	2026-08-08T14:14:03.4744293Z 
ci	Setup Application	2026-08-08T14:14:03.4925887Z   Creating migration table ...................................... 17.42ms DONE
ci	Setup Application	2026-08-08T14:14:03.4927798Z 
ci	Setup Application	2026-08-08T14:14:03.4994349Z    INFO  Running migrations.  
ci	Setup Application	2026-08-08T14:14:03.4995354Z 
ci	Setup Application	2026-08-08T14:14:03.5095641Z   0001_01_01_000000_create_users_table ........................... 9.16ms DONE
ci	Setup Application	2026-08-08T14:14:03.5154619Z   0001_01_01_000001_create_cache_table ........................... 4.67ms DONE
ci	Setup Application	2026-08-08T14:14:03.5236966Z   0001_01_01_000002_create_jobs_table ............................ 7.01ms DONE
ci	Setup Application	2026-08-08T14:14:03.5291409Z   2026_07_23_170102_create_institutions_table .................... 4.03ms DONE
ci	Setup Application	2026-08-08T14:14:03.5364516Z   2026_07_23_170103_create_institution_domains_table ............. 6.05ms DONE
ci	Setup Application	2026-08-08T14:14:03.5424240Z   2026_07_23_171937_create_institution_memberships_table ......... 4.84ms DONE
ci	Setup Application	2026-08-08T14:14:03.5516863Z   2026_07_23_180415_create_audit_logs_table ...................... 8.04ms DONE
ci	Setup Application	2026-08-08T14:14:03.5580306Z   2026_07_23_180416_create_consent_records_table ................. 5.23ms DONE
ci	Setup Application	2026-08-08T14:14:03.5673106Z   2026_08_08_000001_create_collaboration_events_table ............ 7.88ms DONE
ci	Setup Application	2026-08-08T14:14:03.5793863Z   2026_08_08_000003_create_recruiter_organization_tables ........ 10.70ms DONE
ci	Setup Application	2026-08-08T14:14:03.5800764Z 
ci	Setup Application	2026-08-08T14:14:15.4510503Z 
ci	Setup Application	2026-08-08T14:14:15.4567665Z added 487 packages, and audited 488 packages in 12s
ci	Setup Application	2026-08-08T14:14:15.4590314Z 
ci	Setup Application	2026-08-08T14:14:15.4603272Z 169 packages are looking for funding
ci	Setup Application	2026-08-08T14:14:15.4620488Z   run `npm fund` for details
ci	Setup Application	2026-08-08T14:14:15.4620822Z 
ci	Setup Application	2026-08-08T14:14:15.4650703Z 4 vulnerabilities (1 moderate, 3 high)
ci	Setup Application	2026-08-08T14:14:15.4670236Z 
ci	Setup Application	2026-08-08T14:14:15.4690618Z To address all issues, run:
ci	Setup Application	2026-08-08T14:14:15.4710345Z   npm audit fix
ci	Setup Application	2026-08-08T14:14:15.4730324Z 
ci	Setup Application	2026-08-08T14:14:15.4750427Z Run `npm audit` for details.
ci	Setup Application	2026-08-08T14:14:15.6775344Z 
ci	Setup Application	2026-08-08T14:14:15.6783619Z > build
ci	Setup Application	2026-08-08T14:14:15.6784296Z > vite build
ci	Setup Application	2026-08-08T14:14:15.6784706Z 
ci	Setup Application	2026-08-08T14:14:16.1334878Z ^[[36mvite v8.1.5 ^[[32mbuilding client environment for production...^[[36m^[[39m
ci	Setup Application	2026-08-08T14:14:16.4413430Z [plugin @laravel/vite-plugin-wayfinder] Types generated for actions, routes, form variants
ci	Setup Application	2026-08-08T14:14:16.9636665Z ^[[2K
ci	Setup Application	2026-08-08T14:14:22.3236299Z transforming...✓ 2269 modules transformed.
ci	Setup Application	2026-08-08T14:14:22.3948593Z rendering chunks...
ci	Setup Application	2026-08-08T14:14:22.4870971Z computing gzip size...
ci	Setup Application	2026-08-08T14:14:22.4939740Z public/build/assets/azeret-mono-400-normal-BqmUdsta.woff2        10.72 kB
ci	Setup Application	2026-08-08T14:14:22.4941090Z public/build/assets/azeret-mono-600-normal-CqVsP0JD.woff2        10.86 kB
ci	Setup Application	2026-08-08T14:14:22.4946408Z ^[[33m^[[33m[PLUGIN_TIMINGS] ^[[0mYour build spent significant time in plugins. Here is a breakdown:
ci	Setup Application	2026-08-08T14:14:22.4952472Z public/build/assets/azeret-mono-500-normal-BVZ56V1O.woff2        10.88 kB
ci	Setup Application	2026-08-08T14:14:22.4953564Z   - laravel (50%)
ci	Setup Application	2026-08-08T14:14:22.4954325Z public/build/assets/familjen-grotesk-400-normal-DOvmqNol.woff2   11.70 kB
ci	Setup Application	2026-08-08T14:14:22.4955586Z   - @inertiajs/vite (44%)
ci	Setup Application	2026-08-08T14:14:22.4956681Z public/build/fonts-manifest.json                                 11.81 kB │ gzip:  1.02 kB
ci	Setup Application	2026-08-08T14:14:22.4957804Z   - vite:react-babel (6%)
ci	Setup Application	2026-08-08T14:14:22.4958598Z public/build/assets/familjen-grotesk-700-normal-DP3KK2u2.woff2   11.82 kB
ci	Setup Application	2026-08-08T14:14:22.4960348Z See https://rolldown.rs/reference/InputOptions.checks#plugintimings for more details.
ci	Setup Application	2026-08-08T14:14:22.4961486Z public/build/assets/familjen-grotesk-500-normal-BASv1Bog.woff2   12.05 kB
ci	Setup Application	2026-08-08T14:14:22.4963194Z ^[[39m
ci	Setup Application	2026-08-08T14:14:22.4963967Z public/build/assets/familjen-grotesk-600-normal-DR8FYmV8.woff2   12.10 kB
ci	Setup Application	2026-08-08T14:14:22.4965432Z public/build/assets/azeret-mono-600-normal-DGYASQR8.woff         14.19 kB
ci	Setup Application	2026-08-08T14:14:22.4967173Z public/build/assets/azeret-mono-400-normal-BRS1Zqm5.woff         14.23 kB
ci	Setup Application	2026-08-08T14:14:22.4968274Z public/build/assets/azeret-mono-500-normal-DPHAfL-P.woff         14.26 kB
ci	Setup Application	2026-08-08T14:14:22.4970172Z public/build/manifest.json                                       14.85 kB │ gzip:  1.79 kB
ci	Setup Application	2026-08-08T14:14:22.4974787Z public/build/assets/familjen-grotesk-400-normal-DYohiwGD.woff    15.08 kB
ci	Setup Application	2026-08-08T14:14:22.4975847Z public/build/assets/familjen-grotesk-700-normal-Cqh4U_Q6.woff    15.22 kB
ci	Setup Application	2026-08-08T14:14:22.4976836Z public/build/assets/familjen-grotesk-500-normal-BJWE1t8Q.woff    15.57 kB
ci	Setup Application	2026-08-08T14:14:22.4977792Z public/build/assets/familjen-grotesk-600-normal-Cchso0CV.woff    15.57 kB
ci	Setup Application	2026-08-08T14:14:22.4978968Z public/build/assets/fonts-DjV26-tL.css                            5.44 kB │ gzip:  0.57 kB
ci	Setup Application	2026-08-08T14:14:22.4980401Z public/build/assets/app-CefuOCuC.css                            113.65 kB │ gzip: 19.06 kB
ci	Setup Application	2026-08-08T14:14:22.4981709Z public/build/assets/check-Btbh0dQK.js                             0.12 kB │ gzip:  0.14 kB
ci	Setup Application	2026-08-08T14:14:22.4982900Z public/build/assets/loader-circle-Dy3Lp5SQ.js                     0.14 kB │ gzip:  0.15 kB
ci	Setup Application	2026-08-08T14:14:22.4984114Z public/build/assets/eye-BVwJKDYn.js                               0.25 kB │ gzip:  0.20 kB
ci	Setup Application	2026-08-08T14:14:22.4985267Z public/build/assets/confirm-DRjMIfMx.js                           0.36 kB │ gzip:  0.22 kB
ci	Setup Application	2026-08-08T14:14:22.4986454Z public/build/assets/building-2-oCeoSZKQ.js                        0.43 kB │ gzip:  0.24 kB
ci	Setup Application	2026-08-08T14:14:22.4987670Z public/build/assets/input-error-Dp_pH870.js                       0.45 kB │ gzip:  0.33 kB
ci	Setup Application	2026-08-08T14:14:22.4988839Z public/build/assets/spinner-BeEJ0aRy.js                           0.48 kB │ gzip:  0.34 kB
ci	Setup Application	2026-08-08T14:14:22.4990214Z public/build/assets/onboarding-CjQsKOtf.js                        0.50 kB │ gzip:  0.27 kB
ci	Setup Application	2026-08-08T14:14:22.4991702Z public/build/assets/security-D6OuOcfl.js                          0.50 kB │ gzip:  0.27 kB
ci	Setup Application	2026-08-08T14:14:22.4993206Z public/build/assets/rolldown-runtime-Bh1tDfsg.js                  0.56 kB │ gzip:  0.36 kB
ci	Setup Application	2026-08-08T14:14:22.4994701Z public/build/assets/text-link-BneDJOXl.js                         0.62 kB │ gzip:  0.42 kB
ci	Setup Application	2026-08-08T14:14:22.4996133Z public/build/assets/heading-5GmJeYp6.js                           0.63 kB │ gzip:  0.42 kB
ci	Setup Application	2026-08-08T14:14:22.4997475Z public/build/assets/dist-DmPHjUsL.js                              0.68 kB │ gzip:  0.43 kB
ci	Setup Application	2026-08-08T14:14:22.4998783Z public/build/assets/label-CepXBedK.js                             0.98 kB │ gzip:  0.62 kB
ci	Setup Application	2026-08-08T14:14:22.5000385Z public/build/assets/confirm-password-CjVe9vGL.js                  1.35 kB │ gzip:  0.67 kB
ci	Setup Application	2026-08-08T14:14:22.5001623Z public/build/assets/input-xPUAY7ZI.js                             1.69 kB │ gzip:  0.97 kB
ci	Setup Application	2026-08-08T14:14:22.5002799Z public/build/assets/password-input-BhUqGswY.js                    1.74 kB │ gzip:  1.00 kB
ci	Setup Application	2026-08-08T14:14:22.5004017Z public/build/assets/app-page-D6IvGNbn.js                          1.85 kB │ gzip:  0.96 kB
ci	Setup Application	2026-08-08T14:14:22.5005217Z public/build/assets/forgot-password-CtYRb9SP.js                   2.01 kB │ gzip:  0.93 kB
ci	Setup Application	2026-08-08T14:14:22.5006411Z public/build/assets/routes-BBCvVB36.js                            2.02 kB │ gzip:  0.48 kB
ci	Setup Application	2026-08-08T14:14:22.5007573Z public/build/assets/appearance-BF-S9121.js                        2.22 kB │ gzip:  1.17 kB
ci	Setup Application	2026-08-08T14:14:22.5008768Z public/build/assets/reset-password-CcF47o60.js                    2.34 kB │ gzip:  0.95 kB
ci	Setup Application	2026-08-08T14:14:22.5010828Z public/build/assets/appearance-DuLXHD0N.js                        2.53 kB │ gzip:  1.15 kB
ci	Setup Application	2026-08-08T14:14:22.5012140Z public/build/assets/password-ycf3NkFj.js                          2.73 kB │ gzip:  0.73 kB
ci	Setup Application	2026-08-08T14:14:22.5013333Z public/build/assets/register-DXu_ff2f.js                          2.88 kB │ gzip:  1.11 kB
ci	Setup Application	2026-08-08T14:14:22.5014525Z public/build/assets/verify-email-DtA9vqvb.js                      3.31 kB │ gzip:  1.33 kB
ci	Setup Application	2026-08-08T14:14:22.5016020Z public/build/assets/security-g07waSc9.js                          3.71 kB │ gzip:  1.30 kB
ci	Setup Application	2026-08-08T14:14:22.5017202Z public/build/assets/button-BuYYjgbP.js                            5.57 kB │ gzip:  2.49 kB
ci	Setup Application	2026-08-08T14:14:22.5018619Z public/build/assets/dist-7wbDZsCE.js                              7.02 kB │ gzip:  2.72 kB
ci	Setup Application	2026-08-08T14:14:22.5019783Z public/build/assets/login-QXo5WLyI.js                             7.65 kB │ gzip:  3.12 kB
ci	Setup Application	2026-08-08T14:14:22.5021327Z public/build/assets/profile-HuxilZ4m.js                           9.59 kB │ gzip:  2.91 kB
ci	Setup Application	2026-08-08T14:14:22.5022667Z public/build/assets/onboarding-m8Hhg7Jj.js                       23.67 kB │ gzip:  8.08 kB
ci	Setup Application	2026-08-08T14:14:22.5024004Z public/build/assets/createLucideIcon-DkmqnWyj.js                 28.28 kB │ gzip:  9.20 kB
ci	Setup Application	2026-08-08T14:14:22.5025362Z public/build/assets/profile-deomCWyI.js                          29.41 kB │ gzip: 10.05 kB
ci	Setup Application	2026-08-08T14:14:22.5026703Z public/build/assets/welcome-C54pvHf0.js                          30.65 kB │ gzip:  6.45 kB
ci	Setup Application	2026-08-08T14:14:22.5027987Z public/build/assets/skeleton-D2TIJvMI.js                         33.08 kB │ gzip:  9.42 kB
ci	Setup Application	2026-08-08T14:14:22.5029382Z public/build/assets/dashboard-Bn28dnWe.js                        41.83 kB │ gzip: 11.48 kB
ci	Setup Application	2026-08-08T14:14:22.5031067Z public/build/assets/app-Cp_s_ycV.js                              97.82 kB │ gzip: 31.71 kB
ci	Setup Application	2026-08-08T14:14:22.5032370Z public/build/assets/wayfinder-RLzQeSWu.js                       315.10 kB │ gzip: 99.23 kB
ci	Setup Application	2026-08-08T14:14:22.5033113Z 
ci	Setup Application	2026-08-08T14:14:22.5033546Z ^[[32m✓ built in 6.36s^[[39m
ci	Install Playwright Chromium	﻿2026-08-08T14:14:22.5965096Z ##[group]Run npx playwright install --with-deps chromium
ci	Install Playwright Chromium	2026-08-08T14:14:22.5965556Z ^[[36;1mnpx playwright install --with-deps chromium^[[0m
ci	Install Playwright Chromium	2026-08-08T14:14:22.6011151Z shell: /usr/bin/bash -e {0}
ci	Install Playwright Chromium	2026-08-08T14:14:22.6011408Z env:
ci	Install Playwright Chromium	2026-08-08T14:14:22.6011611Z   COMPOSER_PROCESS_TIMEOUT: 0
ci	Install Playwright Chromium	2026-08-08T14:14:22.6011881Z   COMPOSER_NO_INTERACTION: 1
ci	Install Playwright Chromium	2026-08-08T14:14:22.6012107Z   COMPOSER_NO_AUDIT: 1
ci	Install Playwright Chromium	2026-08-08T14:14:22.6012321Z ##[endgroup]
ci	Install Playwright Chromium	2026-08-08T14:14:23.5041820Z Installing dependencies...
ci	Install Playwright Chromium	2026-08-08T14:14:23.5141438Z Switching to root user to install dependencies...
ci	Install Playwright Chromium	2026-08-08T14:14:23.6609237Z Get:1 file:/etc/apt/apt-mirrors.txt Mirrorlist [144 B]
ci	Install Playwright Chromium	2026-08-08T14:14:23.7318421Z Get:6 https://packages.microsoft.com/repos/azure-cli noble InRelease [3564 B]
ci	Install Playwright Chromium	2026-08-08T14:14:23.7702398Z Get:7 https://packages.microsoft.com/ubuntu/24.04/prod noble InRelease [3600 B]
ci	Install Playwright Chromium	2026-08-08T14:14:23.7741075Z Hit:2 http://azure.archive.ubuntu.com/ubuntu noble InRelease
ci	Install Playwright Chromium	2026-08-08T14:14:23.7742404Z Get:8 https://dl.google.com/linux/chrome-stable/deb stable InRelease [2548 B]
ci	Install Playwright Chromium	2026-08-08T14:14:23.7743776Z Get:3 http://azure.archive.ubuntu.com/ubuntu noble-updates InRelease [126 kB]
ci	Install Playwright Chromium	2026-08-08T14:14:23.7802554Z Get:4 http://azure.archive.ubuntu.com/ubuntu noble-backports InRelease [126 kB]
ci	Install Playwright Chromium	2026-08-08T14:14:23.7828740Z Get:5 http://azure.archive.ubuntu.com/ubuntu noble-security InRelease [126 kB]
ci	Install Playwright Chromium	2026-08-08T14:14:23.8861718Z Get:9 https://packages.microsoft.com/repos/azure-cli noble/main amd64 Packages [2375 B]
ci	Install Playwright Chromium	2026-08-08T14:14:23.9558180Z Get:10 https://packages.microsoft.com/ubuntu/24.04/prod noble/main arm64 Packages [274 kB]
ci	Install Playwright Chromium	2026-08-08T14:14:23.9661602Z Get:11 https://packages.microsoft.com/ubuntu/24.04/prod noble/main amd64 Packages [314 kB]
ci	Install Playwright Chromium	2026-08-08T14:14:23.9831124Z Get:12 https://packages.microsoft.com/ubuntu/24.04/prod noble/main armhf Packages [12.2 kB]
ci	Install Playwright Chromium	2026-08-08T14:14:23.9880998Z Get:13 https://packages.microsoft.com/ubuntu/24.04/prod noble/main all Packages [643 B]
ci	Install Playwright Chromium	2026-08-08T14:14:24.1141681Z Get:14 https://dl.google.com/linux/chrome-stable/deb stable/main amd64 Packages [1408 B]
ci	Install Playwright Chromium	2026-08-08T14:14:24.1411303Z Get:15 http://azure.archive.ubuntu.com/ubuntu noble-updates/main amd64 Packages [1184 kB]
ci	Install Playwright Chromium	2026-08-08T14:14:24.1481219Z Get:16 http://azure.archive.ubuntu.com/ubuntu noble-updates/main Translation-en [281 kB]
ci	Install Playwright Chromium	2026-08-08T14:14:24.1520962Z Get:17 http://azure.archive.ubuntu.com/ubuntu noble-updates/main amd64 Components [180 kB]
ci	Install Playwright Chromium	2026-08-08T14:14:24.1541068Z Get:18 http://azure.archive.ubuntu.com/ubuntu noble-updates/universe amd64 Packages [1682 kB]
ci	Install Playwright Chromium	2026-08-08T14:14:24.1681365Z Get:19 http://azure.archive.ubuntu.com/ubuntu noble-updates/universe Translation-en [335 kB]
ci	Install Playwright Chromium	2026-08-08T14:14:24.1701955Z Get:20 http://azure.archive.ubuntu.com/ubuntu noble-updates/universe amd64 Components [388 kB]
ci	Install Playwright Chromium	2026-08-08T14:14:24.1721024Z Get:21 http://azure.archive.ubuntu.com/ubuntu noble-updates/restricted amd64 Packages [1414 kB]
ci	Install Playwright Chromium	2026-08-08T14:14:24.1842570Z Get:22 http://azure.archive.ubuntu.com/ubuntu noble-updates/restricted Translation-en [320 kB]
ci	Install Playwright Chromium	2026-08-08T14:14:24.1869510Z Get:23 http://azure.archive.ubuntu.com/ubuntu noble-updates/multiverse amd64 Packages [45.4 kB]
ci	Install Playwright Chromium	2026-08-08T14:14:24.1901733Z Get:24 http://azure.archive.ubuntu.com/ubuntu noble-updates/multiverse Translation-en [12.3 kB]
ci	Install Playwright Chromium	2026-08-08T14:14:24.2399347Z Get:25 http://azure.archive.ubuntu.com/ubuntu noble-updates/multiverse amd64 Components [940 B]
ci	Install Playwright Chromium	2026-08-08T14:14:24.2421016Z Get:26 http://azure.archive.ubuntu.com/ubuntu noble-backports/main amd64 Components [5764 B]
ci	Install Playwright Chromium	2026-08-08T14:14:24.2454662Z Get:27 http://azure.archive.ubuntu.com/ubuntu noble-backports/universe amd64 Packages [31.0 kB]
ci	Install Playwright Chromium	2026-08-08T14:14:24.2471107Z Get:28 http://azure.archive.ubuntu.com/ubuntu noble-backports/universe amd64 Components [12.6 kB]
ci	Install Playwright Chromium	2026-08-08T14:14:24.2957359Z Get:29 http://azure.archive.ubuntu.com/ubuntu noble-security/main amd64 Packages [927 kB]
ci	Install Playwright Chromium	2026-08-08T14:14:24.3013496Z Get:30 http://azure.archive.ubuntu.com/ubuntu noble-security/main Translation-en [201 kB]
ci	Install Playwright Chromium	2026-08-08T14:14:24.3033083Z Get:31 http://azure.archive.ubuntu.com/ubuntu noble-security/main amd64 Components [46.4 kB]
ci	Install Playwright Chromium	2026-08-08T14:14:24.3045568Z Get:32 http://azure.archive.ubuntu.com/ubuntu noble-security/universe amd64 Packages [1199 kB]
ci	Install Playwright Chromium	2026-08-08T14:14:24.3131391Z Get:33 http://azure.archive.ubuntu.com/ubuntu noble-security/universe Translation-en [239 kB]
ci	Install Playwright Chromium	2026-08-08T14:14:24.3163133Z Get:34 http://azure.archive.ubuntu.com/ubuntu noble-security/universe amd64 Components [76.3 kB]
ci	Install Playwright Chromium	2026-08-08T14:14:24.3172595Z Get:35 http://azure.archive.ubuntu.com/ubuntu noble-security/restricted amd64 Packages [1320 kB]
ci	Install Playwright Chromium	2026-08-08T14:14:24.3396179Z Get:36 http://azure.archive.ubuntu.com/ubuntu noble-security/restricted Translation-en [302 kB]
ci	Install Playwright Chromium	2026-08-08T14:14:24.3402526Z Get:37 http://azure.archive.ubuntu.com/ubuntu noble-security/multiverse amd64 Packages [40.3 kB]
ci	Install Playwright Chromium	2026-08-08T14:14:24.3420301Z Get:38 http://azure.archive.ubuntu.com/ubuntu noble-security/multiverse Translation-en [10.6 kB]
ci	Install Playwright Chromium	2026-08-08T14:14:28.4188310Z Fetched 11.2 MB in 2s (6849 kB/s)
ci	Install Playwright Chromium	2026-08-08T14:14:29.1899263Z Reading package lists...
ci	Install Playwright Chromium	2026-08-08T14:14:29.2153954Z Reading package lists...
ci	Install Playwright Chromium	2026-08-08T14:14:29.4049369Z Building dependency tree...
ci	Install Playwright Chromium	2026-08-08T14:14:29.4053697Z Reading state information...
ci	Install Playwright Chromium	2026-08-08T14:14:29.5446879Z libasound2t64 is already the newest version (1.2.11-1ubuntu0.3).
ci	Install Playwright Chromium	2026-08-08T14:14:29.5448281Z libatk-bridge2.0-0t64 is already the newest version (2.52.0-1build1).
ci	Install Playwright Chromium	2026-08-08T14:14:29.5449592Z libatk1.0-0t64 is already the newest version (2.52.0-1build1).
ci	Install Playwright Chromium	2026-08-08T14:14:29.5451246Z libatspi2.0-0t64 is already the newest version (2.52.0-1build1).
ci	Install Playwright Chromium	2026-08-08T14:14:29.5452229Z libcairo2 is already the newest version (1.18.0-3build1).
ci	Install Playwright Chromium	2026-08-08T14:14:29.5453181Z libcups2t64 is already the newest version (2.4.7-1.2ubuntu7.14).
ci	Install Playwright Chromium	2026-08-08T14:14:29.5454142Z libdbus-1-3 is already the newest version (1.14.10-4ubuntu4.1).
ci	Install Playwright Chromium	2026-08-08T14:14:29.5454791Z libdbus-1-3 set to manually installed.
ci	Install Playwright Chromium	2026-08-08T14:14:29.5455472Z libdrm2 is already the newest version (2.4.125-1ubuntu0.1~24.04.2).
ci	Install Playwright Chromium	2026-08-08T14:14:29.5456319Z libgbm1 is already the newest version (25.2.8-0ubuntu0.24.04.2).
ci	Install Playwright Chromium	2026-08-08T14:14:29.5457148Z libglib2.0-0t64 is already the newest version (2.80.0-6ubuntu3.8).
ci	Install Playwright Chromium	2026-08-08T14:14:29.5457883Z libglib2.0-0t64 set to manually installed.
ci	Install Playwright Chromium	2026-08-08T14:14:29.5459040Z libnspr4 is already the newest version (2:4.35-1.1build1).
ci	Install Playwright Chromium	2026-08-08T14:14:29.5459838Z libnss3 is already the newest version (2:3.98-1ubuntu0.2).
ci	Install Playwright Chromium	2026-08-08T14:14:29.5460990Z libpango-1.0-0 is already the newest version (1.52.1+ds-1build1).
ci	Install Playwright Chromium	2026-08-08T14:14:29.5461681Z libpango-1.0-0 set to manually installed.
ci	Install Playwright Chromium	2026-08-08T14:14:29.5462340Z libx11-6 is already the newest version (2:1.8.7-1build1).
ci	Install Playwright Chromium	2026-08-08T14:14:29.5462951Z libx11-6 set to manually installed.
ci	Install Playwright Chromium	2026-08-08T14:14:29.5463560Z libxcb1 is already the newest version (1.15-1ubuntu2).
ci	Install Playwright Chromium	2026-08-08T14:14:29.5464151Z libxcb1 set to manually installed.
ci	Install Playwright Chromium	2026-08-08T14:14:29.5464836Z libxcomposite1 is already the newest version (1:0.4.5-1build3).
ci	Install Playwright Chromium	2026-08-08T14:14:29.5465477Z libxdamage1 is already the newest version (1:1.1.6-1build1).
ci	Install Playwright Chromium	2026-08-08T14:14:29.5465943Z libxext6 is already the newest version (2:1.3.4-1build2).
ci	Install Playwright Chromium	2026-08-08T14:14:29.5466304Z libxext6 set to manually installed.
ci	Install Playwright Chromium	2026-08-08T14:14:29.5466681Z libxfixes3 is already the newest version (1:6.0.0-2build1).
ci	Install Playwright Chromium	2026-08-08T14:14:29.5467137Z libxkbcommon0 is already the newest version (1.6.0-1build1).
ci	Install Playwright Chromium	2026-08-08T14:14:29.5467577Z libxrandr2 is already the newest version (2:1.5.2-2build1).
ci	Install Playwright Chromium	2026-08-08T14:14:29.5468039Z xvfb is already the newest version (2:21.1.12-1ubuntu1.6).
ci	Install Playwright Chromium	2026-08-08T14:14:29.5468561Z fonts-noto-color-emoji is already the newest version (2.047-0ubuntu0.24.04.1).
ci	Install Playwright Chromium	2026-08-08T14:14:29.5469103Z libfontconfig1 is already the newest version (2.15.0-1.1ubuntu2).
ci	Install Playwright Chromium	2026-08-08T14:14:29.5469504Z libfontconfig1 set to manually installed.
ci	Install Playwright Chromium	2026-08-08T14:14:29.5473295Z libfreetype6 is already the newest version (2.13.2+dfsg-1ubuntu0.1).
ci	Install Playwright Chromium	2026-08-08T14:14:29.5474132Z libfreetype6 set to manually installed.
ci	Install Playwright Chromium	2026-08-08T14:14:29.5475067Z fonts-liberation is already the newest version (1:2.1.5-3).
ci	Install Playwright Chromium	2026-08-08T14:14:29.5475552Z The following additional packages will be installed:
ci	Install Playwright Chromium	2026-08-08T14:14:29.5475918Z   xfonts-encodings xfonts-utils
ci	Install Playwright Chromium	2026-08-08T14:14:29.5476190Z Recommended packages:
ci	Install Playwright Chromium	2026-08-08T14:14:29.5476466Z   fonts-ipafont-mincho fonts-tlwg-loma
ci	Install Playwright Chromium	2026-08-08T14:14:29.5666391Z The following NEW packages will be installed:
ci	Install Playwright Chromium	2026-08-08T14:14:29.5667870Z   fonts-freefont-ttf fonts-ipafont-gothic fonts-tlwg-loma-otf fonts-unifont
ci	Install Playwright Chromium	2026-08-08T14:14:29.5675450Z   fonts-wqy-zenhei xfonts-cyrillic xfonts-encodings xfonts-scalable
ci	Install Playwright Chromium	2026-08-08T14:14:29.5676619Z   xfonts-utils
ci	Install Playwright Chromium	2026-08-08T14:14:29.5865412Z 0 upgraded, 9 newly installed, 0 to remove and 86 not upgraded.
ci	Install Playwright Chromium	2026-08-08T14:14:29.5869791Z Need to get 21.1 MB of archives.
ci	Install Playwright Chromium	2026-08-08T14:14:29.5885260Z After this operation, 79.5 MB of additional disk space will be used.
ci	Install Playwright Chromium	2026-08-08T14:14:29.5890837Z Get:1 file:/etc/apt/apt-mirrors.txt Mirrorlist [144 B]
ci	Install Playwright Chromium	2026-08-08T14:14:29.6721430Z Get:2 http://azure.archive.ubuntu.com/ubuntu noble/universe amd64 fonts-ipafont-gothic all 00303-21ubuntu1 [3513 kB]
ci	Install Playwright Chromium	2026-08-08T14:14:29.8832886Z Get:3 http://azure.archive.ubuntu.com/ubuntu noble/main amd64 fonts-freefont-ttf all 20211204+svn4273-2 [5641 kB]
ci	Install Playwright Chromium	2026-08-08T14:14:30.2286894Z Get:4 http://azure.archive.ubuntu.com/ubuntu noble/universe amd64 fonts-tlwg-loma-otf all 1:0.7.3-1 [107 kB]
ci	Install Playwright Chromium	2026-08-08T14:14:30.3002281Z Get:5 http://azure.archive.ubuntu.com/ubuntu noble/universe amd64 fonts-unifont all 1:15.1.01-1build1 [2993 kB]
ci	Install Playwright Chromium	2026-08-08T14:14:30.5069299Z Get:6 http://azure.archive.ubuntu.com/ubuntu noble/universe amd64 fonts-wqy-zenhei all 0.9.45-8 [7472 kB]
ci	Install Playwright Chromium	2026-08-08T14:14:30.7282282Z Get:7 http://azure.archive.ubuntu.com/ubuntu noble/main amd64 xfonts-encodings all 1:1.0.5-0ubuntu2 [578 kB]
ci	Install Playwright Chromium	2026-08-08T14:14:30.8005746Z Get:8 http://azure.archive.ubuntu.com/ubuntu noble/main amd64 xfonts-utils amd64 1:7.7+6build3 [94.4 kB]
ci	Install Playwright Chromium	2026-08-08T14:14:30.8754873Z Get:9 http://azure.archive.ubuntu.com/ubuntu noble/universe amd64 xfonts-cyrillic all 1:1.0.5+nmu1 [384 kB]
ci	Install Playwright Chromium	2026-08-08T14:14:30.9474864Z Get:10 http://azure.archive.ubuntu.com/ubuntu noble/main amd64 xfonts-scalable all 1:1.0.3-1.3 [304 kB]
ci	Install Playwright Chromium	2026-08-08T14:14:31.2263546Z Fetched 21.1 MB in 1s (15.3 MB/s)
ci	Install Playwright Chromium	2026-08-08T14:14:31.2518981Z Selecting previously unselected package fonts-ipafont-gothic.
ci	Install Playwright Chromium	2026-08-08T14:14:31.2661693Z (Reading database ... 
ci	Install Playwright Chromium	2026-08-08T14:14:31.2663403Z (Reading database ... 5%
ci	Install Playwright Chromium	2026-08-08T14:14:31.2666619Z (Reading database ... 10%
ci	Install Playwright Chromium	2026-08-08T14:14:31.2667073Z (Reading database ... 15%
ci	Install Playwright Chromium	2026-08-08T14:14:31.2667479Z (Reading database ... 20%
ci	Install Playwright Chromium	2026-08-08T14:14:31.2667857Z (Reading database ... 25%
ci	Install Playwright Chromium	2026-08-08T14:14:31.2668614Z (Reading database ... 30%
ci	Install Playwright Chromium	2026-08-08T14:14:31.2669474Z (Reading database ... 35%
ci	Install Playwright Chromium	2026-08-08T14:14:31.2670414Z (Reading database ... 40%
ci	Install Playwright Chromium	2026-08-08T14:14:31.2670986Z (Reading database ... 45%
ci	Install Playwright Chromium	2026-08-08T14:14:31.2671419Z (Reading database ... 50%
ci	Install Playwright Chromium	2026-08-08T14:14:31.2820125Z (Reading database ... 55%
ci	Install Playwright Chromium	2026-08-08T14:14:31.3403197Z (Reading database ... 60%
ci	Install Playwright Chromium	2026-08-08T14:14:31.5692597Z (Reading database ... 65%
ci	Install Playwright Chromium	2026-08-08T14:14:31.7473123Z (Reading database ... 70%
ci	Install Playwright Chromium	2026-08-08T14:14:31.8837844Z (Reading database ... 75%
ci	Install Playwright Chromium	2026-08-08T14:14:32.0427317Z (Reading database ... 80%
ci	Install Playwright Chromium	2026-08-08T14:14:32.1840859Z (Reading database ... 85%
ci	Install Playwright Chromium	2026-08-08T14:14:32.3091124Z (Reading database ... 90%
ci	Install Playwright Chromium	2026-08-08T14:14:32.4114298Z (Reading database ... 95%
ci	Install Playwright Chromium	2026-08-08T14:14:32.4130683Z (Reading database ... 100%
ci	Install Playwright Chromium	2026-08-08T14:14:32.4131500Z (Reading database ... 204430 files and directories currently installed.)
ci	Install Playwright Chromium	2026-08-08T14:14:32.4164965Z Preparing to unpack .../0-fonts-ipafont-gothic_00303-21ubuntu1_all.deb ...
ci	Install Playwright Chromium	2026-08-08T14:14:32.4311071Z Unpacking fonts-ipafont-gothic (00303-21ubuntu1) ...
ci	Install Playwright Chromium	2026-08-08T14:14:32.6718903Z Selecting previously unselected package fonts-freefont-ttf.
ci	Install Playwright Chromium	2026-08-08T14:14:32.6849273Z Preparing to unpack .../1-fonts-freefont-ttf_20211204+svn4273-2_all.deb ...
ci	Install Playwright Chromium	2026-08-08T14:14:32.6861851Z Unpacking fonts-freefont-ttf (20211204+svn4273-2) ...
ci	Install Playwright Chromium	2026-08-08T14:14:32.7731292Z Selecting previously unselected package fonts-tlwg-loma-otf.
ci	Install Playwright Chromium	2026-08-08T14:14:32.7857318Z Preparing to unpack .../2-fonts-tlwg-loma-otf_1%3a0.7.3-1_all.deb ...
ci	Install Playwright Chromium	2026-08-08T14:14:32.7866045Z Unpacking fonts-tlwg-loma-otf (1:0.7.3-1) ...
ci	Install Playwright Chromium	2026-08-08T14:14:32.8083792Z Selecting previously unselected package fonts-unifont.
ci	Install Playwright Chromium	2026-08-08T14:14:32.8212413Z Preparing to unpack .../3-fonts-unifont_1%3a15.1.01-1build1_all.deb ...
ci	Install Playwright Chromium	2026-08-08T14:14:32.8221090Z Unpacking fonts-unifont (1:15.1.01-1build1) ...
ci	Install Playwright Chromium	2026-08-08T14:14:32.9367719Z Selecting previously unselected package fonts-wqy-zenhei.
ci	Install Playwright Chromium	2026-08-08T14:14:32.9497386Z Preparing to unpack .../4-fonts-wqy-zenhei_0.9.45-8_all.deb ...
ci	Install Playwright Chromium	2026-08-08T14:14:32.9603772Z Unpacking fonts-wqy-zenhei (0.9.45-8) ...
ci	Install Playwright Chromium	2026-08-08T14:14:33.4376534Z Selecting previously unselected package xfonts-encodings.
ci	Install Playwright Chromium	2026-08-08T14:14:33.4506876Z Preparing to unpack .../5-xfonts-encodings_1%3a1.0.5-0ubuntu2_all.deb ...
ci	Install Playwright Chromium	2026-08-08T14:14:33.4515594Z Unpacking xfonts-encodings (1:1.0.5-0ubuntu2) ...
ci	Install Playwright Chromium	2026-08-08T14:14:33.4841468Z Selecting previously unselected package xfonts-utils.
ci	Install Playwright Chromium	2026-08-08T14:14:33.4972480Z Preparing to unpack .../6-xfonts-utils_1%3a7.7+6build3_amd64.deb ...
ci	Install Playwright Chromium	2026-08-08T14:14:33.4988827Z Unpacking xfonts-utils (1:7.7+6build3) ...
ci	Install Playwright Chromium	2026-08-08T14:14:33.5309869Z Selecting previously unselected package xfonts-cyrillic.
ci	Install Playwright Chromium	2026-08-08T14:14:33.5443448Z Preparing to unpack .../7-xfonts-cyrillic_1%3a1.0.5+nmu1_all.deb ...
ci	Install Playwright Chromium	2026-08-08T14:14:33.5470954Z Unpacking xfonts-cyrillic (1:1.0.5+nmu1) ...
ci	Install Playwright Chromium	2026-08-08T14:14:33.5849682Z Selecting previously unselected package xfonts-scalable.
ci	Install Playwright Chromium	2026-08-08T14:14:33.5979325Z Preparing to unpack .../8-xfonts-scalable_1%3a1.0.3-1.3_all.deb ...
ci	Install Playwright Chromium	2026-08-08T14:14:33.5987684Z Unpacking xfonts-scalable (1:1.0.3-1.3) ...
ci	Install Playwright Chromium	2026-08-08T14:14:33.6435792Z Setting up fonts-wqy-zenhei (0.9.45-8) ...
ci	Install Playwright Chromium	2026-08-08T14:14:33.6563943Z Setting up fonts-freefont-ttf (20211204+svn4273-2) ...
ci	Install Playwright Chromium	2026-08-08T14:14:33.6592077Z Setting up fonts-tlwg-loma-otf (1:0.7.3-1) ...
ci	Install Playwright Chromium	2026-08-08T14:14:33.6615207Z Setting up xfonts-encodings (1:1.0.5-0ubuntu2) ...
ci	Install Playwright Chromium	2026-08-08T14:14:33.6635750Z Setting up fonts-ipafont-gothic (00303-21ubuntu1) ...
ci	Install Playwright Chromium	2026-08-08T14:14:33.6715599Z update-alternatives: using /usr/share/fonts/opentype/ipafont-gothic/ipag.ttf to provide /usr/share/fonts/truetype/fonts-japanese-gothic.ttf (fonts-japanese-gothic.ttf) in auto mode
ci	Install Playwright Chromium	2026-08-08T14:14:33.6734926Z Setting up fonts-unifont (1:15.1.01-1build1) ...
ci	Install Playwright Chromium	2026-08-08T14:14:33.6759081Z Setting up xfonts-utils (1:7.7+6build3) ...
ci	Install Playwright Chromium	2026-08-08T14:14:33.6803390Z Setting up xfonts-cyrillic (1:1.0.5+nmu1) ...
ci	Install Playwright Chromium	2026-08-08T14:14:33.7118015Z Setting up xfonts-scalable (1:1.0.3-1.3) ...
ci	Install Playwright Chromium	2026-08-08T14:14:33.7421983Z Processing triggers for fontconfig (2.15.0-1.1ubuntu2) ...
ci	Install Playwright Chromium	2026-08-08T14:14:34.6172780Z 
ci	Install Playwright Chromium	2026-08-08T14:14:34.6173434Z Running kernel seems to be up-to-date.
ci	Install Playwright Chromium	2026-08-08T14:14:34.6173819Z 
ci	Install Playwright Chromium	2026-08-08T14:14:34.6174006Z Restarting services...
ci	Install Playwright Chromium	2026-08-08T14:14:34.6265401Z  systemctl restart php8.3-fpm.service
ci	Install Playwright Chromium	2026-08-08T14:14:34.7491230Z 
ci	Install Playwright Chromium	2026-08-08T14:14:34.7495862Z No containers need to be restarted.
ci	Install Playwright Chromium	2026-08-08T14:14:34.7496405Z 
ci	Install Playwright Chromium	2026-08-08T14:14:34.7496925Z No user sessions are running outdated binaries.
ci	Install Playwright Chromium	2026-08-08T14:14:34.7497495Z 
ci	Install Playwright Chromium	2026-08-08T14:14:34.7498126Z No VM guests are running outdated hypervisor (qemu) binaries on this host.
ci	Install Playwright Chromium	2026-08-08T14:14:35.6233878Z Downloading Chrome for Testing 149.0.7827.55 (playwright chromium v1228) from https://cdn.playwright.dev/builds/cft/149.0.7827.55/linux64/chrome-linux64.zip
ci	Install Playwright Chromium	2026-08-08T14:14:36.7091376Z |                                                                                |   0% of 177 MiB
ci	Install Playwright Chromium	2026-08-08T14:14:36.9036063Z |■■■■■■■■                                                                        |  10% of 177 MiB
ci	Install Playwright Chromium	2026-08-08T14:14:37.0252116Z |■■■■■■■■■■■■■■■■                                                                |  20% of 177 MiB
ci	Install Playwright Chromium	2026-08-08T14:14:37.1336902Z |■■■■■■■■■■■■■■■■■■■■■■■■                                                        |  30% of 177 MiB
ci	Install Playwright Chromium	2026-08-08T14:14:37.2268314Z |■■■■■■■■■■■■■■■■■■■■■■■■■■■■■■■■                                                |  40% of 177 MiB
ci	Install Playwright Chromium	2026-08-08T14:14:37.3220259Z |■■■■■■■■■■■■■■■■■■■■■■■■■■■■■■■■■■■■■■■■                                        |  50% of 177 MiB
ci	Install Playwright Chromium	2026-08-08T14:14:37.4235705Z |■■■■■■■■■■■■■■■■■■■■■■■■■■■■■■■■■■■■■■■■■■■■■■■■                                |  60% of 177 MiB
ci	Install Playwright Chromium	2026-08-08T14:14:37.5068235Z |■■■■■■■■■■■■■■■■■■■■■■■■■■■■■■■■■■■■■■■■■■■■■■■■■■■■■■■■                        |  70% of 177 MiB
ci	Install Playwright Chromium	2026-08-08T14:14:37.5941917Z |■■■■■■■■■■■■■■■■■■■■■■■■■■■■■■■■■■■■■■■■■■■■■■■■■■■■■■■■■■■■■■■■                |  80% of 177 MiB
ci	Install Playwright Chromium	2026-08-08T14:14:37.6828949Z |■■■■■■■■■■■■■■■■■■■■■■■■■■■■■■■■■■■■■■■■■■■■■■■■■■■■■■■■■■■■■■■■■■■■■■■■        |  90% of 177 MiB
ci	Install Playwright Chromium	2026-08-08T14:14:37.7720804Z |■■■■■■■■■■■■■■■■■■■■■■■■■■■■■■■■■■■■■■■■■■■■■■■■■■■■■■■■■■■■■■■■■■■■■■■■■■■■■■■■| 100% of 177 MiB
ci	Install Playwright Chromium	2026-08-08T14:14:41.2505458Z Chrome for Testing 149.0.7827.55 (playwright chromium v1228) downloaded to /home/runner/.cache/ms-playwright/chromium-1228
ci	Install Playwright Chromium	2026-08-08T14:14:41.2511307Z Downloading FFmpeg (playwright ffmpeg v1011) from https://cdn.playwright.dev/dbazure/download/playwright/builds/ffmpeg/1011/ffmpeg-linux.zip
ci	Install Playwright Chromium	2026-08-08T14:14:42.2645172Z |                                                                                |   0% of 2.3 MiB
ci	Install Playwright Chromium	2026-08-08T14:14:42.2688651Z |■■■■■■■■                                                                        |  10% of 2.3 MiB
ci	Install Playwright Chromium	2026-08-08T14:14:42.2734682Z |■■■■■■■■■■■■■■■■                                                                |  20% of 2.3 MiB
ci	Install Playwright Chromium	2026-08-08T14:14:42.2760655Z |■■■■■■■■■■■■■■■■■■■■■■■■                                                        |  30% of 2.3 MiB
ci	Install Playwright Chromium	2026-08-08T14:14:42.2781274Z |■■■■■■■■■■■■■■■■■■■■■■■■■■■■■■■■                                                |  40% of 2.3 MiB
ci	Install Playwright Chromium	2026-08-08T14:14:42.2804461Z |■■■■■■■■■■■■■■■■■■■■■■■■■■■■■■■■■■■■■■■■                                        |  50% of 2.3 MiB
ci	Install Playwright Chromium	2026-08-08T14:14:42.2816794Z |■■■■■■■■■■■■■■■■■■■■■■■■■■■■■■■■■■■■■■■■■■■■■■■■                                |  60% of 2.3 MiB
ci	Install Playwright Chromium	2026-08-08T14:14:42.2834527Z |■■■■■■■■■■■■■■■■■■■■■■■■■■■■■■■■■■■■■■■■■■■■■■■■■■■■■■■■                        |  70% of 2.3 MiB
ci	Install Playwright Chromium	2026-08-08T14:14:42.2859448Z |■■■■■■■■■■■■■■■■■■■■■■■■■■■■■■■■■■■■■■■■■■■■■■■■■■■■■■■■■■■■■■■■                |  80% of 2.3 MiB
ci	Install Playwright Chromium	2026-08-08T14:14:42.2875744Z |■■■■■■■■■■■■■■■■■■■■■■■■■■■■■■■■■■■■■■■■■■■■■■■■■■■■■■■■■■■■■■■■■■■■■■■■        |  90% of 2.3 MiB
ci	Install Playwright Chromium	2026-08-08T14:14:42.2904778Z |■■■■■■■■■■■■■■■■■■■■■■■■■■■■■■■■■■■■■■■■■■■■■■■■■■■■■■■■■■■■■■■■■■■■■■■■■■■■■■■■| 100% of 2.3 MiB
ci	Install Playwright Chromium	2026-08-08T14:14:42.3616349Z FFmpeg (playwright ffmpeg v1011) downloaded to /home/runner/.cache/ms-playwright/ffmpeg-1011
ci	Install Playwright Chromium	2026-08-08T14:14:42.3622711Z Downloading Chrome Headless Shell 149.0.7827.55 (playwright chromium-headless-shell v1228) from https://cdn.playwright.dev/builds/cft/149.0.7827.55/linux64/chrome-headless-shell-linux64.zip
ci	Install Playwright Chromium	2026-08-08T14:14:43.4390573Z |                                                                                |   0% of 114.2 MiB
ci	Install Playwright Chromium	2026-08-08T14:14:43.6132083Z |■■■■■■■■                                                                        |  10% of 114.2 MiB
ci	Install Playwright Chromium	2026-08-08T14:14:43.6931730Z |■■■■■■■■■■■■■■■■                                                                |  20% of 114.2 MiB
ci	Install Playwright Chromium	2026-08-08T14:14:43.7652870Z |■■■■■■■■■■■■■■■■■■■■■■■■                                                        |  30% of 114.2 MiB
ci	Install Playwright Chromium	2026-08-08T14:14:43.8366045Z |■■■■■■■■■■■■■■■■■■■■■■■■■■■■■■■■                                                |  40% of 114.2 MiB
ci	Install Playwright Chromium	2026-08-08T14:14:43.8978711Z |■■■■■■■■■■■■■■■■■■■■■■■■■■■■■■■■■■■■■■■■                                        |  50% of 114.2 MiB
ci	Install Playwright Chromium	2026-08-08T14:14:43.9614167Z |■■■■■■■■■■■■■■■■■■■■■■■■■■■■■■■■■■■■■■■■■■■■■■■■                                |  60% of 114.2 MiB
ci	Install Playwright Chromium	2026-08-08T14:14:44.0209512Z |■■■■■■■■■■■■■■■■■■■■■■■■■■■■■■■■■■■■■■■■■■■■■■■■■■■■■■■■                        |  70% of 114.2 MiB
ci	Install Playwright Chromium	2026-08-08T14:14:44.0776117Z |■■■■■■■■■■■■■■■■■■■■■■■■■■■■■■■■■■■■■■■■■■■■■■■■■■■■■■■■■■■■■■■■                |  80% of 114.2 MiB
ci	Install Playwright Chromium	2026-08-08T14:14:44.1397875Z |■■■■■■■■■■■■■■■■■■■■■■■■■■■■■■■■■■■■■■■■■■■■■■■■■■■■■■■■■■■■■■■■■■■■■■■■        |  90% of 114.2 MiB
ci	Install Playwright Chromium	2026-08-08T14:14:44.1931246Z |■■■■■■■■■■■■■■■■■■■■■■■■■■■■■■■■■■■■■■■■■■■■■■■■■■■■■■■■■■■■■■■■■■■■■■■■■■■■■■■■| 100% of 114.2 MiB
ci	Install Playwright Chromium	2026-08-08T14:14:46.6892203Z Chrome Headless Shell 149.0.7827.55 (playwright chromium-headless-shell v1228) downloaded to /home/runner/.cache/ms-playwright/chromium_headless_shell-1228
ci	Run CI Checks	﻿2026-08-08T14:14:46.7168858Z ##[group]Run composer ci:check
ci	Run CI Checks	2026-08-08T14:14:46.7169192Z ^[[36;1mcomposer ci:check^[[0m
ci	Run CI Checks	2026-08-08T14:14:46.7214888Z shell: /usr/bin/bash -e {0}
ci	Run CI Checks	2026-08-08T14:14:46.7215151Z env:
ci	Run CI Checks	2026-08-08T14:14:46.7215349Z   COMPOSER_PROCESS_TIMEOUT: 0
ci	Run CI Checks	2026-08-08T14:14:46.7215605Z   COMPOSER_NO_INTERACTION: 1
ci	Run CI Checks	2026-08-08T14:14:46.7215837Z   COMPOSER_NO_AUDIT: 1
ci	Run CI Checks	2026-08-08T14:14:46.7216044Z ##[endgroup]
ci	Run CI Checks	2026-08-08T14:14:47.1420785Z 
ci	Run CI Checks	2026-08-08T14:14:47.1421527Z > lint:check
ci	Run CI Checks	2026-08-08T14:14:47.1425214Z > eslint .
ci	Run CI Checks	2026-08-08T14:14:47.1425503Z 
ci	Run CI Checks	2026-08-08T14:14:53.4032220Z 
ci	Run CI Checks	2026-08-08T14:14:53.4033497Z > format:check
ci	Run CI Checks	2026-08-08T14:14:53.4034251Z > prettier --check resources/
ci	Run CI Checks	2026-08-08T14:14:53.4034762Z 
ci	Run CI Checks	2026-08-08T14:14:53.4908675Z Checking formatting...
ci	Run CI Checks	2026-08-08T14:14:56.0095069Z All matched files use Prettier code style!
ci	Run CI Checks	2026-08-08T14:14:56.1420587Z 
ci	Run CI Checks	2026-08-08T14:14:56.1421127Z > types:check
ci	Run CI Checks	2026-08-08T14:14:56.1421408Z > tsc --noEmit
ci	Run CI Checks	2026-08-08T14:14:56.1421540Z 
ci	Run CI Checks	2026-08-08T14:15:02.1770864Z 
ci	Run CI Checks	2026-08-08T14:15:02.1776757Z > test:issue-status
ci	Run CI Checks	2026-08-08T14:15:02.1777816Z > node .github/scripts/sync-issue-status.test.cjs
ci	Run CI Checks	2026-08-08T14:15:02.1778417Z 
ci	Run CI Checks	2026-08-08T14:15:02.2252260Z TAP version 13
ci	Run CI Checks	2026-08-08T14:15:02.2278856Z # Subtest: exports the workflow entrypoint as a callable named export
ci	Run CI Checks	2026-08-08T14:15:02.2285581Z ok 1 - exports the workflow entrypoint as a callable named export
ci	Run CI Checks	2026-08-08T14:15:02.2287071Z   ---
ci	Run CI Checks	2026-08-08T14:15:02.2287771Z   duration_ms: 1.130666
ci	Run CI Checks	2026-08-08T14:15:02.2288463Z   type: 'test'
ci	Run CI Checks	2026-08-08T14:15:02.2289548Z   ...
ci	Run CI Checks	2026-08-08T14:15:02.2290865Z # Subtest: parses multiple blockers and removes duplicates
ci	Run CI Checks	2026-08-08T14:15:02.2292481Z ok 2 - parses multiple blockers and removes duplicates
ci	Run CI Checks	2026-08-08T14:15:02.2293782Z   ---
ci	Run CI Checks	2026-08-08T14:15:02.2294902Z   duration_ms: 1.006874
ci	Run CI Checks	2026-08-08T14:15:02.2295589Z   type: 'test'
ci	Run CI Checks	2026-08-08T14:15:02.2296167Z   ...
ci	Run CI Checks	2026-08-08T14:15:02.2297030Z # Subtest: does not treat completed prerequisite as a blocker
ci	Run CI Checks	2026-08-08T14:15:02.2298748Z ok 3 - does not treat completed prerequisite as a blocker
ci	Run CI Checks	2026-08-08T14:15:02.2300348Z   ---
ci	Run CI Checks	2026-08-08T14:15:02.2300983Z   duration_ms: 0.261049
ci	Run CI Checks	2026-08-08T14:15:02.2302134Z   type: 'test'
ci	Run CI Checks	2026-08-08T14:15:02.2302801Z   ...
ci	Run CI Checks	2026-08-08T14:15:02.2304076Z # Subtest: rejects a malformed blocker field
ci	Run CI Checks	2026-08-08T14:15:02.2305517Z ok 4 - rejects a malformed blocker field
ci	Run CI Checks	2026-08-08T14:15:02.2306725Z   ---
ci	Run CI Checks	2026-08-08T14:15:02.2307387Z   duration_ms: 0.504353
ci	Run CI Checks	2026-08-08T14:15:02.2308985Z   type: 'test'
ci	Run CI Checks	2026-08-08T14:15:02.2309625Z   ...
ci	Run CI Checks	2026-08-08T14:15:02.2311281Z # Subtest: parses a single stacked parent issue
ci	Run CI Checks	2026-08-08T14:15:02.2312307Z ok 5 - parses a single stacked parent issue
ci	Run CI Checks	2026-08-08T14:15:02.2313075Z   ---
ci	Run CI Checks	2026-08-08T14:15:02.2314562Z   duration_ms: 0.527557
ci	Run CI Checks	2026-08-08T14:15:02.2315254Z   type: 'test'
ci	Run CI Checks	2026-08-08T14:15:02.2316360Z   ...
ci	Run CI Checks	2026-08-08T14:15:02.2317111Z # Subtest: rejects multiple stacked parent issues
ci	Run CI Checks	2026-08-08T14:15:02.2318067Z ok 6 - rejects multiple stacked parent issues
ci	Run CI Checks	2026-08-08T14:15:02.2318812Z   ---
ci	Run CI Checks	2026-08-08T14:15:02.2319437Z   duration_ms: 0.21409
ci	Run CI Checks	2026-08-08T14:15:02.2320829Z   type: 'test'
ci	Run CI Checks	2026-08-08T14:15:02.2321378Z   ...
ci	Run CI Checks	2026-08-08T14:15:02.2322237Z # Subtest: returns ready when all dependencies are closed and no PR is open
ci	Run CI Checks	2026-08-08T14:15:02.2323443Z ok 7 - returns ready when all dependencies are closed and no PR is open
ci	Run CI Checks	2026-08-08T14:15:02.2331643Z   ---
ci	Run CI Checks	2026-08-08T14:15:02.2332646Z   duration_ms: 0.414646
ci	Run CI Checks	2026-08-08T14:15:02.2333825Z   type: 'test'
ci	Run CI Checks	2026-08-08T14:15:02.2334864Z   ...
ci	Run CI Checks	2026-08-08T14:15:02.2336154Z # Subtest: returns blocked when one dependency is still open
ci	Run CI Checks	2026-08-08T14:15:02.2337685Z ok 8 - returns blocked when one dependency is still open
ci	Run CI Checks	2026-08-08T14:15:02.2338952Z   ---
ci	Run CI Checks	2026-08-08T14:15:02.2339555Z   duration_ms: 0.230842
ci	Run CI Checks	2026-08-08T14:15:02.2341441Z   type: 'test'
ci	Run CI Checks	2026-08-08T14:15:02.2342882Z   ...
ci	Run CI Checks	2026-08-08T14:15:02.2343727Z # Subtest: returns in-progress for a related draft PR
ci	Run CI Checks	2026-08-08T14:15:02.2345628Z ok 9 - returns in-progress for a related draft PR
ci	Run CI Checks	2026-08-08T14:15:02.2347299Z   ---
ci	Run CI Checks	2026-08-08T14:15:02.2347905Z   duration_ms: 0.620261
ci	Run CI Checks	2026-08-08T14:15:02.2349416Z   type: 'test'
ci	Run CI Checks	2026-08-08T14:15:02.2350705Z   ...
ci	Run CI Checks	2026-08-08T14:15:02.2351533Z # Subtest: returns needs-review for a related ready PR
ci	Run CI Checks	2026-08-08T14:15:02.2353525Z ok 10 - returns needs-review for a related ready PR
ci	Run CI Checks	2026-08-08T14:15:02.2354791Z   ---
ci	Run CI Checks	2026-08-08T14:15:02.2355385Z   duration_ms: 0.460512
ci	Run CI Checks	2026-08-08T14:15:02.2356526Z   type: 'test'
ci	Run CI Checks	2026-08-08T14:15:02.2357560Z   ...
ci	Run CI Checks	2026-08-08T14:15:02.2358833Z # Subtest: blocked takes precedence over an active PR
ci	Run CI Checks	2026-08-08T14:15:02.2360528Z ok 11 - blocked takes precedence over an active PR
ci	Run CI Checks	2026-08-08T14:15:02.2361879Z   ---
ci	Run CI Checks	2026-08-08T14:15:02.2362975Z   duration_ms: 0.274324
ci	Run CI Checks	2026-08-08T14:15:02.2363638Z   type: 'test'
ci	Run CI Checks	2026-08-08T14:15:02.2364739Z   ...
ci	Run CI Checks	2026-08-08T14:15:02.2366133Z # Subtest: returns stacked for a valid contract-ready parent PR
ci	Run CI Checks	2026-08-08T14:15:02.2367749Z ok 12 - returns stacked for a valid contract-ready parent PR
ci	Run CI Checks	2026-08-08T14:15:02.2369195Z   ---
ci	Run CI Checks	2026-08-08T14:15:02.2370468Z   duration_ms: 0.23522
ci	Run CI Checks	2026-08-08T14:15:02.2371044Z   type: 'test'
ci	Run CI Checks	2026-08-08T14:15:02.2372262Z   ...
ci	Run CI Checks	2026-08-08T14:15:02.2373110Z # Subtest: keeps a stacked candidate blocked without contract-ready parent
ci	Run CI Checks	2026-08-08T14:15:02.2374298Z ok 13 - keeps a stacked candidate blocked without contract-ready parent
ci	Run CI Checks	2026-08-08T14:15:02.2375110Z   ---
ci	Run CI Checks	2026-08-08T14:15:02.2375660Z   duration_ms: 0.158677
ci	Run CI Checks	2026-08-08T14:15:02.2376276Z   type: 'test'
ci	Run CI Checks	2026-08-08T14:15:02.2376812Z   ...
ci	Run CI Checks	2026-08-08T14:15:02.2377614Z # Subtest: keeps a stacked candidate blocked when its base is main
ci	Run CI Checks	2026-08-08T14:15:02.2378648Z ok 14 - keeps a stacked candidate blocked when its base is main
ci	Run CI Checks	2026-08-08T14:15:02.2379373Z   ---
ci	Run CI Checks	2026-08-08T14:15:02.2379866Z   duration_ms: 0.19784
ci	Run CI Checks	2026-08-08T14:15:02.2380802Z   type: 'test'
ci	Run CI Checks	2026-08-08T14:15:02.2381307Z   ...
ci	Run CI Checks	2026-08-08T14:15:02.2381983Z # Subtest: matches all supported closing verbs
ci	Run CI Checks	2026-08-08T14:15:02.2382791Z ok 15 - matches all supported closing verbs
ci	Run CI Checks	2026-08-08T14:15:02.2383433Z   ---
ci	Run CI Checks	2026-08-08T14:15:02.2383980Z   duration_ms: 0.216485
ci	Run CI Checks	2026-08-08T14:15:02.2384595Z   type: 'test'
ci	Run CI Checks	2026-08-08T14:15:02.2385158Z   ...
ci	Run CI Checks	2026-08-08T14:15:02.2386191Z # Subtest: syncIssueStatuses skips malformed blocker and continues syncing valid issues
ci	Run CI Checks	2026-08-08T14:15:02.2387746Z ok 16 - syncIssueStatuses skips malformed blocker and continues syncing valid issues
ci	Run CI Checks	2026-08-08T14:15:02.2388783Z   ---
ci	Run CI Checks	2026-08-08T14:15:02.2389386Z   duration_ms: 0.967811
ci	Run CI Checks	2026-08-08T14:15:02.2390323Z   type: 'test'
ci	Run CI Checks	2026-08-08T14:15:02.2390954Z   ...
ci	Run CI Checks	2026-08-08T14:15:02.2393302Z # Subtest: syncIssueStatuses does not fail on empty or fully valid issues
ci	Run CI Checks	2026-08-08T14:15:02.2396676Z ok 17 - syncIssueStatuses does not fail on empty or fully valid issues
ci	Run CI Checks	2026-08-08T14:15:02.2398097Z   ---
ci	Run CI Checks	2026-08-08T14:15:02.2398709Z   duration_ms: 0.318446
ci	Run CI Checks	2026-08-08T14:15:02.2399372Z   type: 'test'
ci	Run CI Checks	2026-08-08T14:15:02.2400314Z   ...
ci	Run CI Checks	2026-08-08T14:15:02.2400959Z 1..17
ci	Run CI Checks	2026-08-08T14:15:02.2401720Z # tests 17
ci	Run CI Checks	2026-08-08T14:15:02.2402461Z # suites 0
ci	Run CI Checks	2026-08-08T14:15:02.2403085Z # pass 17
ci	Run CI Checks	2026-08-08T14:15:02.2403648Z # fail 0
ci	Run CI Checks	2026-08-08T14:15:02.2404220Z # cancelled 0
ci	Run CI Checks	2026-08-08T14:15:02.2404825Z # skipped 0
ci	Run CI Checks	2026-08-08T14:15:02.2405405Z # todo 0
ci	Run CI Checks	2026-08-08T14:15:02.2406048Z # duration_ms 28.796303
ci	Run CI Checks	2026-08-08T14:15:02.3521292Z 
ci	Run CI Checks	2026-08-08T14:15:02.3523022Z > test:satu-project
ci	Run CI Checks	2026-08-08T14:15:02.3524051Z > node .github/scripts/sync-satu-project.test.cjs
ci	Run CI Checks	2026-08-08T14:15:02.3524755Z 
ci	Run CI Checks	2026-08-08T14:15:02.4021054Z TAP version 13
ci	Run CI Checks	2026-08-08T14:15:02.4031998Z # Subtest: maps issue and pull request states to Delivery Status
ci	Run CI Checks	2026-08-08T14:15:02.4047142Z ok 1 - maps issue and pull request states to Delivery Status
ci	Run CI Checks	2026-08-08T14:15:02.4048047Z   ---
ci	Run CI Checks	2026-08-08T14:15:02.4048752Z   duration_ms: 2.277993
ci	Run CI Checks	2026-08-08T14:15:02.4050759Z   type: 'test'
ci	Run CI Checks	2026-08-08T14:15:02.4051403Z   ...
ci	Run CI Checks	2026-08-08T14:15:02.4052474Z # Subtest: builds records without scheduling closed pull requests for backfill
ci	Run CI Checks	2026-08-08T14:15:02.4054330Z ok 2 - builds records without scheduling closed pull requests for backfill
ci	Run CI Checks	2026-08-08T14:15:02.4056065Z   ---
ci	Run CI Checks	2026-08-08T14:15:02.4056688Z   duration_ms: 0.417832
ci	Run CI Checks	2026-08-08T14:15:02.4057347Z   type: 'test'
ci	Run CI Checks	2026-08-08T14:15:02.4057962Z   ...
ci	Run CI Checks	2026-08-08T14:15:02.4059458Z # Subtest: includes non-main stacked Pull Requests when resolving issue status
ci	Run CI Checks	2026-08-08T14:15:02.4061687Z ok 3 - includes non-main stacked Pull Requests when resolving issue status
ci	Run CI Checks	2026-08-08T14:15:02.4063095Z   ---
ci	Run CI Checks	2026-08-08T14:15:02.4063723Z   duration_ms: 1.140074
ci	Run CI Checks	2026-08-08T14:15:02.4065063Z   type: 'test'
ci	Run CI Checks	2026-08-08T14:15:02.4065659Z   ...
ci	Run CI Checks	2026-08-08T14:15:02.4066448Z # Subtest: rejects a field with missing status options
ci	Run CI Checks	2026-08-08T14:15:02.4067959Z ok 4 - rejects a field with missing status options
ci	Run CI Checks	2026-08-08T14:15:02.4069215Z   ---
ci	Run CI Checks	2026-08-08T14:15:02.4069819Z   duration_ms: 0.543287
ci	Run CI Checks	2026-08-08T14:15:02.4071184Z   type: 'test'
ci	Run CI Checks	2026-08-08T14:15:02.4071796Z   ...
ci	Run CI Checks	2026-08-08T14:15:02.4072672Z # Subtest: reads current single-select value from a project item
ci	Run CI Checks	2026-08-08T14:15:02.4074325Z ok 5 - reads current single-select value from a project item
ci	Run CI Checks	2026-08-08T14:15:02.4075697Z   ---
ci	Run CI Checks	2026-08-08T14:15:02.4076336Z   duration_ms: 0.26207
ci	Run CI Checks	2026-08-08T14:15:02.4077656Z   type: 'test'
ci	Run CI Checks	2026-08-08T14:15:02.4078276Z   ...
ci	Run CI Checks	2026-08-08T14:15:02.4079748Z # Subtest: adds missing items and updates stale status without duplicates
ci	Run CI Checks	2026-08-08T14:15:02.4081643Z ok 6 - adds missing items and updates stale status without duplicates
ci	Run CI Checks	2026-08-08T14:15:02.4082529Z   ---
ci	Run CI Checks	2026-08-08T14:15:02.4083114Z   duration_ms: 1.383279
ci	Run CI Checks	2026-08-08T14:15:02.4099387Z   type: 'test'
ci	Run CI Checks	2026-08-08T14:15:02.4100839Z   ...
ci	Run CI Checks	2026-08-08T14:15:02.4102200Z # Subtest: dry run reports additions and performs no mutation
ci	Run CI Checks	2026-08-08T14:15:02.4103300Z ok 7 - dry run reports additions and performs no mutation
ci	Run CI Checks	2026-08-08T14:15:02.4104048Z   ---
ci	Run CI Checks	2026-08-08T14:15:02.4104562Z   duration_ms: 0.417591
ci	Run CI Checks	2026-08-08T14:15:02.4105103Z   type: 'test'
ci	Run CI Checks	2026-08-08T14:15:02.4105595Z   ...
ci	Run CI Checks	2026-08-08T14:15:02.4106244Z # Subtest: closed project item is marked Done
ci	Run CI Checks	2026-08-08T14:15:02.4107190Z ok 8 - closed project item is marked Done
ci	Run CI Checks	2026-08-08T14:15:02.4107979Z   ---
ci	Run CI Checks	2026-08-08T14:15:02.4108594Z   duration_ms: 0.41155
ci	Run CI Checks	2026-08-08T14:15:02.4109268Z   type: 'test'
ci	Run CI Checks	2026-08-08T14:15:02.4109868Z   ...
ci	Run CI Checks	2026-08-08T14:15:02.4110897Z # Subtest: requires project configuration
ci	Run CI Checks	2026-08-08T14:15:02.4111831Z ok 9 - requires project configuration
ci	Run CI Checks	2026-08-08T14:15:02.4112600Z   ---
ci	Run CI Checks	2026-08-08T14:15:02.4113217Z   duration_ms: 0.554128
ci	Run CI Checks	2026-08-08T14:15:02.4114588Z   type: 'test'
ci	Run CI Checks	2026-08-08T14:15:02.4116013Z   ...
ci	Run CI Checks	2026-08-08T14:15:02.4117689Z # Subtest: surfaces GitHub API errors with an actionable prefix
ci	Run CI Checks	2026-08-08T14:15:02.4119380Z ok 10 - surfaces GitHub API errors with an actionable prefix
ci	Run CI Checks	2026-08-08T14:15:02.4120489Z   ---
ci	Run CI Checks	2026-08-08T14:15:02.4121145Z   duration_ms: 0.606816
ci	Run CI Checks	2026-08-08T14:15:02.4121839Z   type: 'test'
ci	Run CI Checks	2026-08-08T14:15:02.4122446Z   ...
ci	Run CI Checks	2026-08-08T14:15:02.4123453Z # Subtest: buildProjectStatusRecords skips malformed issue and collects it
ci	Run CI Checks	2026-08-08T14:15:02.4124823Z ok 11 - buildProjectStatusRecords skips malformed issue and collects it
ci	Run CI Checks	2026-08-08T14:15:02.4125880Z   ---
ci	Run CI Checks	2026-08-08T14:15:02.4126495Z   duration_ms: 0.391934
ci	Run CI Checks	2026-08-08T14:15:02.4127168Z   type: 'test'
ci	Run CI Checks	2026-08-08T14:15:02.4127758Z   ...
ci	Run CI Checks	2026-08-08T14:15:02.4128720Z # Subtest: buildProjectStatusRecords does not alter malformed when empty
ci	Run CI Checks	2026-08-08T14:15:02.4130316Z ok 12 - buildProjectStatusRecords does not alter malformed when empty
ci	Run CI Checks	2026-08-08T14:15:02.4131460Z   ---
ci	Run CI Checks	2026-08-08T14:15:02.4132161Z   duration_ms: 0.146004
ci	Run CI Checks	2026-08-08T14:15:02.4132837Z   type: 'test'
ci	Run CI Checks	2026-08-08T14:15:02.4133452Z   ...
ci	Run CI Checks	2026-08-08T14:15:02.4134049Z 1..12
ci	Run CI Checks	2026-08-08T14:15:02.4134633Z # tests 12
ci	Run CI Checks	2026-08-08T14:15:02.4135241Z # suites 0
ci	Run CI Checks	2026-08-08T14:15:02.4135831Z # pass 12
ci	Run CI Checks	2026-08-08T14:15:02.4136727Z # fail 0
ci	Run CI Checks	2026-08-08T14:15:02.4137319Z # cancelled 0
ci	Run CI Checks	2026-08-08T14:15:02.4137911Z # skipped 0
ci	Run CI Checks	2026-08-08T14:15:02.4138518Z # todo 0
ci	Run CI Checks	2026-08-08T14:15:02.4139153Z # duration_ms 24.398943
ci	Run CI Checks	2026-08-08T14:15:02.6006686Z 
ci	Run CI Checks	2026-08-08T14:15:02.6009061Z   ^[[37;44m INFO ^[[39;49m Configuration cache cleared successfully.  
ci	Run CI Checks	2026-08-08T14:15:02.6010415Z 
ci	Run CI Checks	2026-08-08T14:15:03.4981051Z 
ci	Run CI Checks	2026-08-08T14:15:05.2481926Z   ........................⨯...................................................
ci	Run CI Checks	2026-08-08T14:15:06.3876552Z   ......................................................................⨯..
ci	Run CI Checks	2026-08-08T14:15:06.3877824Z 
ci	Run CI Checks	2026-08-08T14:15:06.3878839Z   ──────────────────────────────────────────────────────────────────── Laravel  
ci	Run CI Checks	2026-08-08T14:15:06.3881073Z     FAIL   ......................................... 149 files, 2 style issues  
ci	Run CI Checks	2026-08-08T14:15:06.3891223Z   ⨯ routes/web.php               fully_qualified_strict_types, ordered_imports  
ci	Run CI Checks	2026-08-08T14:15:06.3892196Z   ⨯ tests/Feature/RecruiterOrganizationSchemaTest.php fully_qualified_strict_…  
ci	Run CI Checks	2026-08-08T14:15:06.3892596Z 
ci	Run CI Checks	2026-08-08T14:15:06.4067072Z Script pint --parallel --test handling the lint:check event returned with error code 1
ci	Run CI Checks	2026-08-08T14:15:06.4080905Z Script @lint:check was called via test
ci	Run CI Checks	2026-08-08T14:15:06.4081557Z Script @test was called via ci:check
ci	Run CI Checks	2026-08-08T14:15:06.4188058Z ##[error]Process completed with exit code 1.
ci	Post Checkout code	﻿2026-08-08T14:15:06.4307931Z Post job cleanup.
ci	Post Checkout code	2026-08-08T14:15:06.5280836Z [command]/usr/bin/git version
ci	Post Checkout code	2026-08-08T14:15:06.5380721Z git version 2.54.0
ci	Post Checkout code	2026-08-08T14:15:06.5449644Z Temporarily overriding HOME='/home/runner/work/_temp/f327edad-8608-472a-ad4b-3d8df7b28643' before making global git config changes
ci	Post Checkout code	2026-08-08T14:15:06.5460179Z Adding repository directory to the temporary git global config as a safe directory
ci	Post Checkout code	2026-08-08T14:15:06.5461644Z [command]/usr/bin/git config --global --add safe.directory /home/runner/work/satu-platform/satu-platform
ci	Post Checkout code	2026-08-08T14:15:06.5537584Z Removing SSH command configuration
ci	Post Checkout code	2026-08-08T14:15:06.5538929Z [command]/usr/bin/git config --local --name-only --get-regexp core\.sshCommand
ci	Post Checkout code	2026-08-08T14:15:06.5612228Z [command]/usr/bin/git submodule foreach --recursive sh -c "git config --local --name-only --get-regexp 'core\.sshCommand' && git config --local --unset-all 'core.sshCommand' || :"
ci	Post Checkout code	2026-08-08T14:15:06.5958586Z Removing HTTP extra header
ci	Post Checkout code	2026-08-08T14:15:06.5962883Z [command]/usr/bin/git config --local --name-only --get-regexp http\.https\:\/\/github\.com\/\.extraheader
ci	Post Checkout code	2026-08-08T14:15:06.6035319Z [command]/usr/bin/git submodule foreach --recursive sh -c "git config --local --name-only --get-regexp 'http\.https\:\/\/github\.com\/\.extraheader' && git config --local --unset-all 'http.https://github.com/.extraheader' || :"
ci	Post Checkout code	2026-08-08T14:15:06.6413034Z Removing includeIf entries pointing to credentials config files
ci	Post Checkout code	2026-08-08T14:15:06.6414379Z [command]/usr/bin/git config --local --name-only --get-regexp ^includeIf\.gitdir:
ci	Post Checkout code	2026-08-08T14:15:06.6465989Z [command]/usr/bin/git submodule foreach --recursive git config --local --show-origin --name-only --get-regexp remote.origin.url
ci	Complete job	﻿2026-08-08T14:15:06.7036695Z Cleaning up orphan processes
